Component: ARM Compiler 5.06 update 6 (build 750) Tool: armlink [4d35ed]

==============================================================================

Section Cross References

    startup_stm32f103xe.o(RESET) refers to startup_stm32f103xe.o(STACK) for __initial_sp
    startup_stm32f103xe.o(RESET) refers to startup_stm32f103xe.o(.text) for Reset_Handler
    startup_stm32f103xe.o(RESET) refers to stm32f1xx_it.o(i.NMI_Handler) for NMI_Handler
    startup_stm32f103xe.o(RESET) refers to stm32f1xx_it.o(i.HardFault_Handler) for HardFault_Handler
    startup_stm32f103xe.o(RESET) refers to stm32f1xx_it.o(i.MemManage_Handler) for MemManage_Handler
    startup_stm32f103xe.o(RESET) refers to stm32f1xx_it.o(i.BusFault_Handler) for BusFault_Handler
    startup_stm32f103xe.o(RESET) refers to stm32f1xx_it.o(i.UsageFault_Handler) for UsageFault_Handler
    startup_stm32f103xe.o(RESET) refers to stm32f1xx_it.o(i.SVC_Handler) for SVC_Handler
    startup_stm32f103xe.o(RESET) refers to stm32f1xx_it.o(i.DebugMon_Handler) for DebugMon_Handler
    startup_stm32f103xe.o(RESET) refers to stm32f1xx_it.o(i.PendSV_Handler) for PendSV_Handler
    startup_stm32f103xe.o(RESET) refers to stm32f1xx_it.o(i.SysTick_Handler) for SysTick_Handler
    startup_stm32f103xe.o(RESET) refers to stm32f1xx_it.o(i.USB_LP_CAN1_RX0_IRQHandler) for USB_LP_CAN1_RX0_IRQHandler
    startup_stm32f103xe.o(RESET) refers to stm32f1xx_it.o(i.USART1_IRQHandler) for USART1_IRQHandler
    startup_stm32f103xe.o(RESET) refers to stm32f1xx_it.o(i.DMA2_Channel4_5_IRQHandler) for DMA2_Channel4_5_IRQHandler
    startup_stm32f103xe.o(.text) refers to system_stm32f1xx.o(i.SystemInit) for SystemInit
    startup_stm32f103xe.o(.text) refers to entry.o(.ARM.Collect$$$$00000000) for __main
    drv_led.o(i.SetLedState) refers to stm32f1xx_hal_gpio.o(i.HAL_GPIO_TogglePin) for HAL_GPIO_TogglePin
    drv_led.o(i.SetLedState) refers to stm32f1xx_hal_gpio.o(i.HAL_GPIO_WritePin) for HAL_GPIO_WritePin
    drv_led.o(i.SetLedState) refers to drv_led.o(.data) for .data
    drv_power_gpio.o(i.LogPowerWorkState) refers to stm32f1xx_hal_gpio.o(i.HAL_GPIO_ReadPin) for HAL_GPIO_ReadPin
    drv_power_gpio.o(i.LogPowerWorkState) refers to memseta.o(.text) for __aeabi_memclr4
    drv_power_gpio.o(i.LogPowerWorkState) refers to printfa.o(i.__0sprintf) for __2sprintf
    drv_power_gpio.o(i.LogPowerWorkState) refers to drv_log.o(i.SendLog) for SendLog
    drv_power_gpio.o(i.LogPowerWorkState) refers to stm32f1xx_hal.o(i.HAL_Delay) for HAL_Delay
    drv_power_gpio.o(i.LogPowerWorkState) refers to drv_power_gpio.o(.data) for .data
    drv_power_gpio.o(.data) refers to drv_power_gpio.o(.conststring) for .conststring
    drv_log.o(i.SendLog) refers to strlen.o(.text) for strlen
    drv_log.o(i.SendLog) refers to stm32f1xx_hal_uart.o(i.HAL_UART_Transmit) for HAL_UART_Transmit
    drv_log.o(i.SendLog) refers to usart.o(.bss) for huart1
    drv_595.o(i.Hc595PutInByte) refers to drv_595.o(i.SetHc595State) for SetHc595State
    drv_595.o(i.Hc595PutInByte) refers to memseta.o(.text) for __aeabi_memclr4
    drv_595.o(i.Hc595PutInByte) refers to printfa.o(i.__0sprintf) for __2sprintf
    drv_595.o(i.Hc595PutInByte) refers to drv_log.o(i.SendLog) for SendLog
    drv_595.o(i.Hc595PutInByte) refers to stm32f1xx_hal.o(i.HAL_Delay) for HAL_Delay
    drv_595.o(i.Hc595TransmitMultiByte) refers to drv_595.o(i.SetHc595State) for SetHc595State
    drv_595.o(i.Hc595TransmitMultiByte) refers to memseta.o(.text) for __aeabi_memclr4
    drv_595.o(i.Hc595TransmitMultiByte) refers to printfa.o(i.__0sprintf) for __2sprintf
    drv_595.o(i.Hc595TransmitMultiByte) refers to drv_log.o(i.SendLog) for SendLog
    drv_595.o(i.Hc595TransmitMultiByte) refers to drv_595.o(i.Hc595PutInByte) for Hc595PutInByte
    drv_595.o(i.Hc595TransmitMultiByte) refers to stm32f1xx_hal.o(i.HAL_Delay) for HAL_Delay
    drv_595.o(i.SetHc595State) refers to stm32f1xx_hal_gpio.o(i.HAL_GPIO_WritePin) for HAL_GPIO_WritePin
    drv_595.o(i.SetHc595State) refers to drv_595.o(.data) for .data
    drv_access_con.o(i.CableSet) refers to drv_access_con.o(i.RelaySet) for RelaySet
    drv_access_con.o(i.CableSet) refers to drv_595.o(i.Hc595TransmitMultiByte) for Hc595TransmitMultiByte
    drv_access_con.o(i.CableSet) refers to drv_access_con.o(.data) for .data
    drv_access_con.o(i.RelaySet) refers to dfltui.o(.text) for __aeabi_ui2d
    drv_access_con.o(i.RelaySet) refers to ddiv.o(.text) for __aeabi_ddiv
    drv_access_con.o(i.RelaySet) refers to dfixui.o(.text) for __aeabi_d2uiz
    drv_access_con.o(i.RelaySet) refers to drv_access_con.o(.data) for .data
    drv_access_con.o(i.RelaySetOut) refers to drv_access_con.o(i.RelaySet) for RelaySet
    drv_access_con.o(i.RelaySetOut) refers to drv_595.o(i.Hc595TransmitMultiByte) for Hc595TransmitMultiByte
    drv_access_con.o(i.RelaySetOut) refers to drv_access_con.o(.data) for .data
    drv_access_con.o(i.RelaySetZero) refers to drv_access_con.o(.data) for .data
[...]
    i._printf_core                           0x08006aa0   Section        0  printfa.o(i._printf_core)
    _printf_core                             0x08006aa1   Thumb Code  1744  printfa.o(i._printf_core)
    i._printf_post_padding                   0x0800717c   Section        0  printfa.o(i._printf_post_padding)
    _printf_post_padding                     0x0800717d   Thumb Code    36  printfa.o(i._printf_post_padding)
    i._printf_pre_padding                    0x080071a0   Section        0  printfa.o(i._printf_pre_padding)
    _printf_pre_padding                      0x080071a1   Thumb Code    46  printfa.o(i._printf_pre_padding)
    i._sputc                                 0x080071ce   Section        0  printfa.o(i._sputc)
    _sputc                                   0x080071cf   Thumb Code    10  printfa.o(i._sputc)
    i.main                                   0x080071d8   Section        0  main.o(i.main)
    .constdata                               0x08007250   Section       16  system_stm32f1xx.o(.constdata)
    .constdata                               0x08007260   Section        8  system_stm32f1xx.o(.constdata)
    .conststring                             0x08007268   Section      208  drv_power_gpio.o(.conststring)
    .conststring                             0x08007338   Section      488  drv_power_vol.o(.conststring)
    .data                                    0x20000000   Section        8  drv_led.o(.data)
    .data                                    0x20000008   Section      128  drv_power_gpio.o(.data)
    .data                                    0x20000088   Section       40  drv_595.o(.data)
    .data                                    0x200000b0   Section        8  drv_access_con.o(.data)
    Hc595_DATE                               0x200000b0   Data           8  drv_access_con.o(.data)
    .data                                    0x200000b8   Section      252  drv_power_vol.o(.data)
    .data                                    0x200001b4   Section        8  drv_adg714.o(.data)
    TEXT_Buffer                              0x200001b4   Data           8  drv_adg714.o(.data)
    .data                                    0x200001bc   Section        8  drv_ad9837.o(.data)
    .data                                    0x200001c4   Section       96  drv_power_dds.o(.data)
    .data                                    0x20000224   Section        4  comm_prot.o(.data)
    PrintFunc                                0x20000224   Data           4  comm_prot.o(.data)
    .data                                    0x20000228   Section       12  stm32f1xx_hal.o(.data)
    .data                                    0x20000234   Section        4  system_stm32f1xx.o(.data)
    .data                                    0x20000238   Section       28  usbd_desc.o(.data)
    .data                                    0x20000254   Section       50  usbd_desc.o(.data)
    .data                                    0x20000288   Section       16  usbd_cdc_if.o(.data)
    .data                                    0x20000298   Section        1  usbd_ctlreq.o(.data)
    cfgidx                                   0x20000298   Data           1  usbd_ctlreq.o(.data)
    .data                                    0x2000029c   Section      215  usbd_cdc.o(.data)
    USBD_CDC_DeviceQualifierDesc             0x2000029c   Data          10  usbd_cdc.o(.data)
    .data                                    0x20000374   Section       56  usbd_cdc.o(.data)
    .bss                                     0x200003ac   Section      160  drv_power_vol.o(.bss)
    .bss                                     0x2000044c   Section      600  drv_power_wave.o(.bss)
    .bss                                     0x200006a4   Section      832  drv_cmd.o(.bss)
    recv                                     0x200006a4   Data         128  drv_cmd.o(.bss)
    dev                                      0x20000724   Data         544  drv_cmd.o(.bss)
    RxRing                                   0x20000950   Data          20  drv_cmd.o(.bss)
    RxBuff                                   0x20000964   Data         128  drv_cmd.o(.bss)
    .bss                                     0x200009e4   Section      212  adc.o(.bss)
    .bss                                     0x20000ab8   Section      176  spi.o(.bss)
    .bss                                     0x20000b68   Section       68  usart.o(.bss)
    .bss                                     0x20000bac   Section      708  usb_device.o(.bss)
    .bss                                     0x20000e70   Section      512  usbd_desc.o(.bss)
    .bss                                     0x20001070   Section     2000  usbd_cdc_if.o(.bss)
    .bss                                     0x20001840   Section     1292  usbd_conf.o(.bss)
    mem                                      0x20001840   Data         544  usbd_conf.o(.bss)
    STACK                                    0x20001d50   Section    40960  startup_stm32f103xe.o(STACK)

    Global Symbols

    Symbol Name                              Value     Ov Type        Size  Object(Section)

    BuildAttributes$$THM_ISAv4$P$D$K$B$S$PE$A:L22UL41UL21$X:L11$S22US41US21$IEEE1$IW$USESV6$~STKCKD$USESV7$~SHL$OTIME$ROPI$EBA8$MICROLIB$REQ8$PRES8$EABIv2 0x00000000   Number         0  anon$$obj.o ABSOLUTE
    __ARM_use_no_argv                        0x00000000   Number         0  main.o ABSOLUTE
    _printf_a                                0x00000000   Number         0  stubs.o ABSOLUTE
    _printf_c                                0x00000000   Number         0  stubs.o ABSOLUTE
    _printf_charcount                        0x00000000   Number         0  stubs.o ABSOLUTE
    _printf_d                                0x00000000   Number         0  stubs.o ABSOLUTE
    _printf_e                                0x00000000   Number         0  stubs.o ABSOLUTE
    _printf_f                                0x00000000   Number         0  stubs.o ABSOLUTE
    _printf_flags                            0x00000000   Number         0  stubs.o ABSOLUTE
    _printf_fp_dec                           0x00000000   Number         0  stubs.o ABSOLUTE
    _printf_fp_hex                           0x00000000   Number         0  stubs.o ABSOLUTE
    _printf_g                                0x00000000   Number         0  stubs.o ABSOLUTE
    _printf_i                                0x00000000   Number         0  stubs.o ABSOLUTE
    _printf_int_dec                          0x00000000   Number         0  stubs.o ABSOLUTE
    _printf_l                                0x00000000   Number         0  stubs.o ABSOLUTE
    _printf_lc                               0x00000000   Number         0  stubs.o ABSOLUTE
    _printf_ll                               0x00000000   Number         0  stubs.o ABSOLUTE
    _printf_lld                              0x00000000   Number         0  stubs.o ABSOLUTE
    _printf_lli                              0x00000000   Number         0  stubs.o ABSOLUTE
    _printf_llo                              0x00000000   Number         0  stubs.o ABSOLUTE
    _printf_llu                              0x00000000   Number         0  stubs.o ABSOLUTE
    _printf_llx                              0x00000000   Number         0  stubs.o ABSOLUTE
    _printf_longlong_dec                     0x00000000   Number         0  stubs.o ABSOLUTE
    _printf_longlong_hex                     0x00000000   Number         0  stubs.o ABSOLUTE
    _printf_longlong_oct                     0x00000000   Number         0  stubs.o ABSOLUTE
    _printf_ls                               0x00000000   Number         0  stubs.o ABSOLUTE
    _printf_mbtowc                           0x00000000   Number         0  stubs.o ABSOLUTE
    _printf_n                                0x00000000   Number         0  stubs.o ABSOLUTE
    _printf_o                                0x00000000   Number         0  stubs.o ABSOLUTE
    _printf_p                                0x00000000   Number         0  stubs.o ABSOLUTE
    _printf_percent                          0x00000000   Number         0  stubs.o ABSOLUTE
    _printf_pre_padding                      0x00000000   Number         0  stubs.o ABSOLUTE
    _printf_return_value                     0x00000000   Number         0  stubs.o ABSOLUTE
    _printf_s                                0x00000000   Number         0  stubs.o ABSOLUTE
    _printf_sizespec                         0x00000000   Number         0  stubs.o ABSOLUTE
    _printf_str                              0x00000000   Number         0  stubs.o ABSOLUTE
    _printf_truncate_signed                  0x00000000   Number         0  stubs.o ABSOLUTE
    _printf_truncate_unsigned                0x00000000   Number         0  stubs.o ABSOLUTE
    _printf_u                                0x00000000   Number         0  stubs.o ABSOLUTE
    _printf_wc                               0x00000000   Number         0  stubs.o ABSOLUTE
    _printf_wctomb                           0x00000000   Number         0  stubs.o ABSOLUTE
    _printf_widthprec                        0x00000000   Number         0  stubs.o ABSOLUTE
    _printf_x                                0x00000000   Number         0  stubs.o ABSOLUTE
    __cpp_initialize__aeabi_                  - Undefined Weak Reference
    __cxa_finalize                            - Undefined Weak Reference
    _clock_init                               - Undefined Weak Reference
    _microlib_exit                            - Undefined Weak Reference
    __Vectors_Size                           0x00000130   Number         0  startup_stm32f103xe.o ABSOLUTE
    __Vectors                                0x08000000   Data           4  startup_stm32f103xe.o(RESET)
    __Vectors_End                            0x08000130   Data           0  startup_stm32f103xe.o(RESET)
    __main                                   0x08000131   Thumb Code     0  entry.o(.ARM.Collect$$$$00000000)
    _main_stk                                0x08000131   Thumb Code     0  entry2.o(.ARM.Collect$$$$00000001)
    _main_scatterload                        0x08000135   Thumb Code     0  entry5.o(.ARM.Collect$$$$00000004)
    __main_after_scatterload                 0x08000139   Thumb Code     0  entry5.o(.ARM.Collect$$$$00000004)
    _main_clock                              0x08000139   Thumb Code     0  entry7b.o(.ARM.Collect$$$$00000008)
    _main_cpp_init                           0x08000139   Thumb Code     0  entry8b.o(.ARM.Collect$$$$0000000A)
    _main_init                               0x08000139   Thumb Code     0  entry9a.o(.ARM.Collect$$$$0000000B)
    __rt_final_cpp                           0x08000141   Thumb Code     0  entry10a.o(.ARM.Collect$$$$0000000D)
    __rt_final_exit                          0x08000141   Thumb Code     0  entry11a.o(.ARM.Collect$$$$0000000F)
    Reset_Handler                            0x08000145   Thumb Code     8  startup_stm32f103xe.o(.text)
    ADC1_2_IRQHandler                        0x0800015f   Thumb Code     0  startup_stm32f103xe.o(.text)
    ADC3_IRQHandler                          0x0800015f   Thumb Code     0  startup_stm32f103xe.o(.text)
    CAN1_RX1_IRQHandler                      0x0800015f   Thumb Code     0  startup_stm32f103xe.o(.text)
    CAN1_SCE_IRQHandler                      0x0800015f   Thumb Code     0  startup_stm32f103xe.o(.text)
    DMA1_Channel1_IRQHandler                 0x0800015f   Thumb Code     0  startup_stm32f103xe.o(.text)
    DMA1_Channel2_IRQHandler                 0x0800015f   Thumb Code     0  startup_stm32f103xe.o(.text)
    DMA1_Channel3_IRQHandler                 0x0800015f   Thumb Code     0  startup_stm32f103xe.o(.text)
    DMA1_Channel4_IRQHandler                 0x0800015f   Thumb Code     0  startup_stm32f103xe.o(.text)
    DMA1_Channel5_IRQHandler                 0x0800015f   Thumb Code     0  startup_stm32f103xe.o(.text)
    DMA1_Channel6_IRQHandler                 0x0800015f   Thumb Code     0  startup_stm32f103xe.o(.text)
    DMA1_Channel7_IRQHandler                 0x0800015f   Thumb Code     0  startup_stm32f103xe.o(.text)
    DMA2_Channel1_IRQHandler                 0x0800015f   Thumb Code     0  startup_stm32f103xe.o(.text)
    DMA2_Channel2_IRQHandler                 0x0800015f   Thumb Code     0  startup_stm32f103xe.o(.text)
    DMA2_Channel3_IRQHandler                 0x0800015f   Thumb Code     0  startup_stm32f103xe.o(.text)
    EXTI0_IRQHandler                         0x0800015f   Thumb Code     0  startup_stm32f103xe.o(.text)
    EXTI15_10_IRQHandler                     0x0800015f   Thumb Code     0  startup_stm32f103xe.o(.text)
    EXTI1_IRQHandler                         0x0800015f   Thumb Code     0  startup_stm32f103xe.o(.text)
    EXTI2_IRQHandler                         0x0800015f   Thumb Code     0  startup_stm32f103xe.o(.text)
    EXTI3_IRQHandler                         0x0800015f   Thumb Code     0  startup_stm32f103xe.o(.text)
    EXTI4_IRQHandler                         0x0800015f   Thumb Code     0  startup_stm32f103xe.o(.text)
    EXTI9_5_IRQHandler                       0x0800015f   Thumb Code     0  startup_stm32f103xe.o(.text)
    FLASH_IRQHandler                         0x0800015f   Thumb Code     0  startup_stm32f103xe.o(.text)
    FSMC_IRQHandler                          0x0800015f   Thumb Code     0  startup_stm32f103xe.o(.text)
    I2C1_ER_IRQHandler                       0x0800015f   Thumb Code     0  startup_stm32f103xe.o(.text)
    I2C1_EV_IRQHandler                       0x0800015f   Thumb Code     0  startup_stm32f103xe.o(.text)
    I2C2_ER_IRQHandler                       0x0800015f   Thumb Code     0  startup_stm32f103xe.o(.text)
    I2C2_EV_IRQHandler                       0x0800015f   Thumb Code     0  startup_stm32f103xe.o(.text)
    PVD_IRQHandler                           0x0800015f   Thumb Code     0  startup_stm32f103xe.o(.text)
    RCC_IRQHandler                           0x0800015f   Thumb Code     0  startup_stm32f103xe.o(.text)
    RTC_Alarm_IRQHandler                     0x0800015f   Thumb Code     0  startup_stm32f103xe.o(.text)
    RTC_IRQHandler                           0x0800015f   Thumb Code     0  startup_stm32f103xe.o(.text)
    SDIO_IRQHandler                          0x0800015f   Thumb Code     0  startup_stm32f103xe.o(.text)
    SPI1_IRQHandler                          0x0800015f   Thumb Code     0  startup_stm32f103xe.o(.text)
    SPI2_IRQHandler                          0x0800015f   Thumb Code     0  startup_stm32f103xe.o(.text)
    SPI3_IRQHandler                          0x0800015f   Thumb Code     0  startup_stm32f103xe.o(.text)
    TAMPER_IRQHandler                        0x0800015f   Thumb Code     0  startup_stm32f103xe.o(.text)
    TIM1_BRK_IRQHandler                      0x0800015f   Thumb Code     0  startup_stm32f103xe.o(.text)
    TIM1_CC_IRQHandler                       0x0800015f   Thumb Code     0  startup_stm32f103xe.o(.text)
    TIM1_TRG_COM_IRQHandler                  0x0800015f   Thumb Code     0  startup_stm32f103xe.o(.text)
    TIM1_UP_IRQHandler                       0x0800015f   Thumb Code     0  startup_stm32f103xe.o(.text)
    TIM2_IRQHandler                          0x0800015f   Thumb Code     0  startup_stm32f103xe.o(.text)
    TIM3_IRQHandler                          0x0800015f   Thumb Code     0  startup_stm32f103xe.o(.text)
    TIM4_IRQHandler                          0x0800015f   Thumb Code     0  startup_stm32f103xe.o(.text)
    TIM5_IRQHandler                          0x0800015f   Thumb Code     0  startup_stm32f103xe.o(.text)
    TIM6_IRQHandler                          0x0800015f   Thumb Code     0  startup_stm32f103xe.o(.text)
    TIM7_IRQHandler                          0x0800015f   Thumb Code     0  startup_stm32f103xe.o(.text)
    TIM8_BRK_IRQHandler                      0x0800015f   Thumb Code     0  startup_stm32f103xe.o(.text)
    TIM8_CC_IRQHandler                       0x0800015f   Thumb Code     0  startup_stm32f103xe.o(.text)
    TIM8_TRG_COM_IRQHandler                  0x0800015f   Thumb Code     0  startup_stm32f103xe.o(.text)
    TIM8_UP_IRQHandler                       0x0800015f   Thumb Code     0  startup_stm32f103xe.o(.text)
    UART4_IRQHandler                         0x0800015f   Thumb Code     0  startup_stm32f103xe.o(.text)
    UART5_IRQHandler                         0x0800015f   Thumb Code     0  startup_stm32f103xe.o(.text)
    USART2_IRQHandler                        0x0800015f   Thumb Code     0  startup_stm32f103xe.o(.text)
    USART3_IRQHandler                        0x0800015f   Thumb Code     0  startup_stm32f103xe.o(.text)
    USBWakeUp_IRQHandler                     0x0800015f   Thumb Code     0  startup_stm32f103xe.o(.text)
    USB_HP_CAN1_TX_IRQHandler                0x0800015f   Thumb Code     0  startup_stm32f103xe.o(.text)
    WWDG_IRQHandler                          0x0800015f   Thumb Code     0  startup_stm32f103xe.o(.text)
    __aeabi_llsr                             0x08000169   Thumb Code    32  llushr.o(.text)
    _ll_ushift_r                             0x08000169   Thumb Code     0  llushr.o(.text)
    __aeabi_memcpy                           0x08000189   Thumb Code    36  memcpya.o(.text)
    __aeabi_memcpy4                          0x08000189   Thumb Code     0  memcpya.o(.text)
    __aeabi_memcpy8                          0x08000189   Thumb Code     0  memcpya.o(.text)
    __aeabi_memset                           0x080001ad   Thumb Code    14  memseta.o(.text)
    __aeabi_memset4                          0x080001ad   Thumb Code     0  memseta.o(.text)
    __aeabi_memset8                          0x080001ad   Thumb Code     0  memseta.o(.text)
    __aeabi_memclr                           0x080001bb   Thumb Code     4  memseta.o(.text)
    __aeabi_memclr4                          0x080001bb   Thumb Code     0  memseta.o(.text)
    __aeabi_memclr8                          0x080001bb   Thumb Code     0  memseta.o(.text)
    _memset$wrapper                          0x080001bf   Thumb Code    18  memseta.o(.text)
    strlen                                   0x080001d1   Thumb Code    14  strlen.o(.text)
    __aeabi_fmul                             0x080001df   Thumb Code   100  fmul.o(.text)
    __aeabi_dadd                             0x08000243   Thumb Code   322  dadd.o(.text)
    __aeabi_dsub                             0x08000385   Thumb Code     6  dadd.o(.text)
    __aeabi_drsub                            0x0800038b   Thumb Code     6  dadd.o(.text)
    __aeabi_dmul                             0x08000391   Thumb Code   228  dmul.o(.text)
    __aeabi_ddiv                             0x08000475   Thumb Code   222  ddiv.o(.text)
    __ARM_scalbn                             0x08000553   Thumb Code    46  dscalb.o(.text)
    scalbn                                   0x08000553   Thumb Code     0  dscalb.o(.text)
    __aeabi_ui2f                             0x08000581   Thumb Code    10  ffltui.o(.text)
    __aeabi_ui2d                             0x0800058b   Thumb Code    26  dfltui.o(.text)
    __aeabi_f2iz                             0x080005a5   Thumb Code    50  ffixi.o(.text)
    __aeabi_f2uiz                            0x080005d7   Thumb Code    40  ffixui.o(.text)
    __aeabi_d2iz                             0x080005ff   Thumb Code    62  dfixi.o(.text)
    __aeabi_d2uiz                            0x0800063d   Thumb Code    50  dfixui.o(.text)
    __aeabi_f2d                              0x0800066f   Thumb Code    38  f2d.o(.text)
    __aeabi_uidiv                            0x08000695   Thumb Code     0  uidiv.o(.text)
    __aeabi_uidivmod                         0x08000695   Thumb Code    44  uidiv.o(.text)
    __aeabi_uldivmod                         0x080006c1   Thumb Code    98  uldiv.o(.text)
    __aeabi_llsl                             0x08000723   Thumb Code    30  llshl.o(.text)
    _ll_shift_l                              0x08000723   Thumb Code     0  llshl.o(.text)
    __aeabi_lasr                             0x08000741   Thumb Code    36  llsshr.o(.text)
    _ll_sshift_r                             0x08000741   Thumb Code     0  llsshr.o(.text)
    __I$use$fp                               0x08000765   Thumb Code     0  iusefp.o(.text)
    _float_round                             0x08000765   Thumb Code    18  fepilogue.o(.text)
    _float_epilogue                          0x08000777   Thumb Code    92  fepilogue.o(.text)
    _double_round                            0x080007d3   Thumb Code    30  depilogue.o(.text)
    _double_epilogue                         0x080007f1   Thumb Code   156  depilogue.o(.text)
    __aeabi_d2ulz                            0x0800088d   Thumb Code    48  dfixul.o(.text)
    __aeabi_cdrcmple                         0x080008bd   Thumb Code    48  cdrcmple.o(.text)
    __scatterload                            0x080008ed   Thumb Code    28  init.o(.text)
    __scatterload_rt2                        0x080008ed   Thumb Code     0  init.o(.text)
    __decompress                             0x08000911   Thumb Code     0  __dczerorl2.o(.text)
    __decompress1                            0x08000911   Thumb Code    86  __dczerorl2.o(.text)
    AD9837_Init                              0x08000969   Thumb Code   100  drv_power_dds.o(i.AD9837_Init)
    AD9837_Resert                            0x080009f1   Thumb Code     8  drv_ad9837.o(i.AD9837_Resert)
    AD9837_SetRegisterValue                  0x080009f9   Thumb Code    56  drv_ad9837.o(i.AD9837_SetRegisterValue)
    AD9837_SetWave                           0x08000a39   Thumb Code    34  drv_ad9837.o(i.AD9837_SetWave)
    AD9837_SetWaveData                       0x08000a5d   Thumb Code   132  drv_ad9837.o(i.AD9837_SetWaveData)
    ADC_ConversionStop_Disable               0x08000af9   Thumb Code    86  stm32f1xx_hal_adc.o(i.ADC_ConversionStop_Disable)
    ADC_DMAConvCplt                          0x08000b4f   Thumb Code    78  stm32f1xx_hal_adc.o(i.ADC_DMAConvCplt)
    ADC_DMAError                             0x08000b9d   Thumb Code    26  stm32f1xx_hal_adc.o(i.ADC_DMAError)
    ADC_DMAHalfConvCplt                      0x08000bb7   Thumb Code    10  stm32f1xx_hal_adc.o(i.ADC_DMAHalfConvCplt)
    ADC_Enable                               0x08000bc1   Thumb Code   114  stm32f1xx_hal_adc.o(i.ADC_Enable)
    Adj714AllZero                            0x08000c3d   Thumb Code    18  drv_adg714.o(i.Adj714AllZero)
    Adj714Resert                             0x08000c55   Thumb Code    38  drv_adg714.o(i.Adj714Resert)
    Adj714Write                              0x08000c81   Thumb Code    66  drv_adg714.o(i.Adj714Write)
    BusFault_Handler                         0x08000cd1   Thumb Code     2  stm32f1xx_it.o(i.BusFault_Handler)
    CableSet                                 0x08000d19   Thumb Code   116  drv_access_con.o(i.CableSet)
    CommInit                                 0x08000dc5   Thumb Code    50  drv_cmd.o(i.CommInit)
    CommPrintInit                            0x08000e11   Thumb Code    10  comm_prot.o(i.CommPrintInit)
    CommRecvData                             0x08000e21   Thumb Code   504  comm_prot.o(i.CommRecvData)
    CommSendData                             0x08001051   Thumb Code   292  comm_prot.o(i.CommSendData)
    CommStructInit                           0x0800118d   Thumb Code    58  comm_prot.o(i.CommStructInit)
    DMA2_Channel4_5_IRQHandler               0x080011d1   Thumb Code     6  stm32f1xx_it.o(i.DMA2_Channel4_5_IRQHandler)
    DebugMon_Handler                         0x08001207   Thumb Code     2  stm32f1xx_it.o(i.DebugMon_Handler)
    Error_Handler                            0x08001209   Thumb Code     2  main.o(i.Error_Handler)
    GetAllVol                                0x08001279   Thumb Code    76  drv_power_vol.o(i.GetAllVol)
    GetAllVolCmd                             0x080012c9   Thumb Code    50  drv_cmd.o(i.GetAllVolCmd)
    GetPowerWaveFreq                         0x08001361   Thumb Code   166  drv_power_wave.o(i.GetPowerWaveFreq)
    HAL_ADCEx_Calibration_Start              0x080014d5   Thumb Code   210  stm32f1xx_hal_adc_ex.o(i.HAL_ADCEx_Calibration_Start)
    HAL_ADC_ConfigChannel                    0x080015ad   Thumb Code   240  stm32f1xx_hal_adc.o(i.HAL_ADC_ConfigChannel)
    HAL_ADC_ConvCpltCallback                 0x080016a9   Thumb Code     2  stm32f1xx_hal_adc.o(i.HAL_ADC_ConvCpltCallback)
    HAL_ADC_ConvHalfCpltCallback             0x080016ab   Thumb Code     2  stm32f1xx_hal_adc.o(i.HAL_ADC_ConvHalfCpltCallback)
    HAL_ADC_ErrorCallback                    0x080016ad   Thumb Code     2  stm32f1xx_hal_adc.o(i.HAL_ADC_ErrorCallback)
    HAL_ADC_GetState                         0x080016af   Thumb Code     4  stm32f1xx_hal_adc.o(i.HAL_ADC_GetState)
    HAL_ADC_GetValue                         0x080016b3   Thumb Code     6  stm32f1xx_hal_adc.o(i.HAL_ADC_GetValue)
    HAL_ADC_Init                             0x080016b9   Thumb Code   272  stm32f1xx_hal_adc.o(i.HAL_ADC_Init)
    HAL_ADC_MspInit                          0x080017d9   Thumb Code   246  adc.o(i.HAL_ADC_MspInit)
    HAL_ADC_PollForConversion                0x080018ed   Thumb Code   304  stm32f1xx_hal_adc.o(i.HAL_ADC_PollForConversion)
    HAL_ADC_Start                            0x08001a29   Thumb Code   184  stm32f1xx_hal_adc.o(i.HAL_ADC_Start)
    HAL_ADC_Start_DMA                        0x08001ae9   Thumb Code   246  stm32f1xx_hal_adc.o(i.HAL_ADC_Start_DMA)
    HAL_ADC_Stop_DMA                         0x08001bf5   Thumb Code    86  stm32f1xx_hal_adc.o(i.HAL_ADC_Stop_DMA)
    HAL_DMA_Abort                            0x08001c4b   Thumb Code    70  stm32f1xx_hal_dma.o(i.HAL_DMA_Abort)
    HAL_DMA_Abort_IT                         0x08001c91   Thumb Code   296  stm32f1xx_hal_dma.o(i.HAL_DMA_Abort_IT)
    HAL_DMA_IRQHandler                       0x08001dc1   Thumb Code   552  stm32f1xx_hal_dma.o(i.HAL_DMA_IRQHandler)
    HAL_DMA_Init                             0x08002009   Thumb Code   112  stm32f1xx_hal_dma.o(i.HAL_DMA_Init)
    HAL_DMA_Start_IT                         0x08002085   Thumb Code   112  stm32f1xx_hal_dma.o(i.HAL_DMA_Start_IT)
    HAL_Delay                                0x080020f5   Thumb Code    32  stm32f1xx_hal.o(i.HAL_Delay)
    HAL_GPIO_Init                            0x08002119   Thumb Code   462  stm32f1xx_hal_gpio.o(i.HAL_GPIO_Init)
    HAL_GPIO_ReadPin                         0x08002311   Thumb Code    10  stm32f1xx_hal_gpio.o(i.HAL_GPIO_ReadPin)
    HAL_GPIO_TogglePin                       0x0800231b   Thumb Code    16  stm32f1xx_hal_gpio.o(i.HAL_GPIO_TogglePin)
    HAL_GPIO_WritePin                        0x0800232b   Thumb Code    10  stm32f1xx_hal_gpio.o(i.HAL_GPIO_WritePin)
    HAL_GetTick                              0x08002335   Thumb Code     6  stm32f1xx_hal.o(i.HAL_GetTick)
    HAL_IncTick                              0x08002341   Thumb Code    12  stm32f1xx_hal.o(i.HAL_IncTick)
    HAL_Init                                 0x08002351   Thumb Code    32  stm32f1xx_hal.o(i.HAL_Init)
    HAL_InitTick                             0x08002375   Thumb Code    54  stm32f1xx_hal.o(i.HAL_InitTick)
    HAL_MspInit                              0x080023b5   Thumb Code    52  stm32f1xx_hal_msp.o(i.HAL_MspInit)
    HAL_NVIC_EnableIRQ                       0x080023f1   Thumb Code    26  stm32f1xx_hal_cortex.o(i.HAL_NVIC_EnableIRQ)
    HAL_NVIC_SetPriority                     0x0800240d   Thumb Code    60  stm32f1xx_hal_cortex.o(i.HAL_NVIC_SetPriority)
    HAL_NVIC_SetPriorityGrouping             0x0800244d   Thumb Code    26  stm32f1xx_hal_cortex.o(i.HAL_NVIC_SetPriorityGrouping)
    HAL_PCDEx_PMAConfig                      0x08002471   Thumb Code    60  stm32f1xx_hal_pcd_ex.o(i.HAL_PCDEx_PMAConfig)
    HAL_PCDEx_SetConnectionState             0x080024ad   Thumb Code     2  usbd_conf.o(i.HAL_PCDEx_SetConnectionState)
    HAL_PCD_DataInStageCallback              0x080024af   Thumb Code    18  usbd_conf.o(i.HAL_PCD_DataInStageCallback)
    HAL_PCD_DataOutStageCallback             0x080024c1   Thumb Code    20  usbd_conf.o(i.HAL_PCD_DataOutStageCallback)
    HAL_PCD_EP_Close                         0x080024d5   Thumb Code    76  stm32f1xx_hal_pcd.o(i.HAL_PCD_EP_Close)
    HAL_PCD_EP_ClrStall                      0x08002521   Thumb Code    92  stm32f1xx_hal_pcd.o(i.HAL_PCD_EP_ClrStall)
    HAL_PCD_EP_GetRxCount                    0x08002993   Thumb Code    18  stm32f1xx_hal_pcd.o(i.HAL_PCD_EP_GetRxCount)
    HAL_PCD_EP_Open                          0x080029a5   Thumb Code    96  stm32f1xx_hal_pcd.o(i.HAL_PCD_EP_Open)
    HAL_PCD_EP_Receive                       0x08002a05   Thumb Code    50  stm32f1xx_hal_pcd.o(i.HAL_PCD_EP_Receive)
    HAL_PCD_EP_SetStall                      0x08002a37   Thumb Code   114  stm32f1xx_hal_pcd.o(i.HAL_PCD_EP_SetStall)
    HAL_PCD_EP_Transmit                      0x08002aa9   Thumb Code    52  stm32f1xx_hal_pcd.o(i.HAL_PCD_EP_Transmit)
    HAL_PCD_IRQHandler                       0x08002add   Thumb Code   340  stm32f1xx_hal_pcd.o(i.HAL_PCD_IRQHandler)
    HAL_PCD_Init                             0x08002c31   Thumb Code   218  stm32f1xx_hal_pcd.o(i.HAL_PCD_Init)
    HAL_PCD_MspInit                          0x08002d0d   Thumb Code    50  usbd_conf.o(i.HAL_PCD_MspInit)
    HAL_PCD_ResetCallback                    0x08002d49   Thumb Code    38  usbd_conf.o(i.HAL_PCD_ResetCallback)
    HAL_PCD_ResumeCallback                   0x08002d6f   Thumb Code     8  usbd_conf.o(i.HAL_PCD_ResumeCallback)
    HAL_PCD_SOFCallback                      0x08002d77   Thumb Code     8  usbd_conf.o(i.HAL_PCD_SOFCallback)
    HAL_PCD_SetAddress                       0x08002d7f   Thumb Code    40  stm32f1xx_hal_pcd.o(i.HAL_PCD_SetAddress)
    HAL_PCD_SetupStageCallback               0x08002da7   Thumb Code    14  usbd_conf.o(i.HAL_PCD_SetupStageCallback)
    HAL_PCD_Start                            0x08002db5   Thumb Code    50  stm32f1xx_hal_pcd.o(i.HAL_PCD_Start)
    HAL_PCD_SuspendCallback                  0x08002de9   Thumb Code    30  usbd_conf.o(i.HAL_PCD_SuspendCallback)
    HAL_RCCEx_GetPeriphCLKFreq               0x08002e0d   Thumb Code   180  stm32f1xx_hal_rcc_ex.o(i.HAL_RCCEx_GetPeriphCLKFreq)
    HAL_RCCEx_PeriphCLKConfig                0x08002ee1   Thumb Code   224  stm32f1xx_hal_rcc_ex.o(i.HAL_RCCEx_PeriphCLKConfig)
    HAL_RCC_ClockConfig                      0x08002fcd   Thumb Code   280  stm32f1xx_hal_rcc.o(i.HAL_RCC_ClockConfig)
    HAL_RCC_GetPCLK1Freq                     0x080030f9   Thumb Code    20  stm32f1xx_hal_rcc.o(i.HAL_RCC_GetPCLK1Freq)
    HAL_RCC_GetPCLK2Freq                     0x08003119   Thumb Code    20  stm32f1xx_hal_rcc.o(i.HAL_RCC_GetPCLK2Freq)
    HAL_RCC_GetSysClockFreq                  0x08003139   Thumb Code    74  stm32f1xx_hal_rcc.o(i.HAL_RCC_GetSysClockFreq)
    HAL_RCC_OscConfig                        0x080031a5   Thumb Code   778  stm32f1xx_hal_rcc.o(i.HAL_RCC_OscConfig)
    HAL_SPI_Init                             0x080034c5   Thumb Code   178  stm32f1xx_hal_spi.o(i.HAL_SPI_Init)
    HAL_SPI_MspInit                          0x08003579   Thumb Code   170  spi.o(i.HAL_SPI_MspInit)
    HAL_SPI_Transmit                         0x08003639   Thumb Code   358  stm32f1xx_hal_spi.o(i.HAL_SPI_Transmit)
    HAL_SYSTICK_Config                       0x0800379f   Thumb Code    40  stm32f1xx_hal_cortex.o(i.HAL_SYSTICK_Config)
    HAL_UARTEx_RxEventCallback               0x080037c7   Thumb Code     2  stm32f1xx_hal_uart.o(i.HAL_UARTEx_RxEventCallback)
    HAL_UART_ErrorCallback                   0x080037c9   Thumb Code     2  stm32f1xx_hal_uart.o(i.HAL_UART_ErrorCallback)
    HAL_UART_IRQHandler                      0x080037cd   Thumb Code   520  stm32f1xx_hal_uart.o(i.HAL_UART_IRQHandler)
    HAL_UART_Init                            0x080039d9   Thumb Code    98  stm32f1xx_hal_uart.o(i.HAL_UART_Init)
    HAL_UART_MspInit                         0x08003a3d   Thumb Code   116  usart.o(i.HAL_UART_MspInit)
    HAL_UART_Receive_IT                      0x08003abd   Thumb Code    42  stm32f1xx_hal_uart.o(i.HAL_UART_Receive_IT)
    HAL_UART_RxCpltCallback                  0x08003ae9   Thumb Code    26  drv_cmd.o(i.HAL_UART_RxCpltCallback)
    HAL_UART_Transmit                        0x08003b0d   Thumb Code   178  stm32f1xx_hal_uart.o(i.HAL_UART_Transmit)
    HAL_UART_TxCpltCallback                  0x08003bbf   Thumb Code     2  stm32f1xx_hal_uart.o(i.HAL_UART_TxCpltCallback)
    HardFault_Handler                        0x08003bc1   Thumb Code     2  stm32f1xx_it.o(i.HardFault_Handler)
    Hc595TransmitMultiByte                   0x08003c45   Thumb Code   140  drv_595.o(i.Hc595TransmitMultiByte)
    LogPowerState                            0x08003ef5   Thumb Code   336  drv_power_vol.o(i.LogPowerState)
    LogPowerWorkState                        0x080040c1   Thumb Code   124  drv_power_gpio.o(i.LogPowerWorkState)
    MX_ADC1_Init                             0x08004149   Thumb Code    70  adc.o(i.MX_ADC1_Init)
    MX_ADC2_Init                             0x08004199   Thumb Code    68  adc.o(i.MX_ADC2_Init)
    MX_ADC3_Init                             0x080041e5   Thumb Code    70  adc.o(i.MX_ADC3_Init)
    MX_DMA_Init                              0x08004235   Thumb Code    40  dma.o(i.MX_DMA_Init)
    MX_GPIO_Init                             0x08004261   Thumb Code   284  gpio.o(i.MX_GPIO_Init)
    MX_SPI1_Init                             0x0800438d   Thumb Code    62  spi.o(i.MX_SPI1_Init)
    MX_SPI2_Init                             0x080043d5   Thumb Code    62  spi.o(i.MX_SPI2_Init)
    MX_USART1_UART_Init                      0x0800441d   Thumb Code    48  usart.o(i.MX_USART1_UART_Init)
    MX_USB_DEVICE_Init                       0x08004455   Thumb Code    66  usb_device.o(i.MX_USB_DEVICE_Init)
    MemManage_Handler                        0x080044a9   Thumb Code     2  stm32f1xx_it.o(i.MemManage_Handler)
    NMI_Handler                              0x080044ab   Thumb Code     2  stm32f1xx_it.o(i.NMI_Handler)
    PendSV_Handler                           0x080047c1   Thumb Code     2  stm32f1xx_it.o(i.PendSV_Handler)
    ProcessCmd                               0x080047c5   Thumb Code   442  drv_cmd.o(i.ProcessCmd)
    QueueOut                                 0x080049b1   Thumb Code    44  drv_cmd.o(i.QueueOut)
    RelaySet                                 0x08004a51   Thumb Code    74  drv_access_con.o(i.RelaySet)
    RelaySetOut                              0x08004aa5   Thumb Code    18  drv_access_con.o(i.RelaySetOut)
    RelaySetZero                             0x08004abd   Thumb Code    16  drv_access_con.o(i.RelaySetZero)
    RingBufInit                              0x08004ad1   Thumb Code    16  ring_buffer.o(i.RingBufInit)
    RingBufInsert                            0x08004ae1   Thumb Code    48  ring_buffer.o(i.RingBufInsert)
    RingBufPopMult                           0x08004b11   Thumb Code   118  ring_buffer.o(i.RingBufPopMult)
    SVC_Handler                              0x08004c61   Thumb Code     2  stm32f1xx_it.o(i.SVC_Handler)
    SendLog                                  0x08004c85   Thumb Code    36  drv_log.o(i.SendLog)
    SetLedState                              0x08004cdd   Thumb Code    60  drv_led.o(i.SetLedState)
    SetPowerVol                              0x08004d1d   Thumb Code    90  drv_power_vol.o(i.SetPowerVol)
    SetPowerWave                             0x08004d7d   Thumb Code   142  drv_power_wave.o(i.SetPowerWave)
    SysTick_Handler                          0x08004e2d   Thumb Code     4  stm32f1xx_it.o(i.SysTick_Handler)
    SystemClock_Config                       0x08004e31   Thumb Code   102  main.o(i.SystemClock_Config)
    SystemInit                               0x08004e97   Thumb Code     2  system_stm32f1xx.o(i.SystemInit)
    TransformAllWave                         0x08004e99   Thumb Code    54  drv_power_wave.o(i.TransformAllWave)
    UART_Start_Receive_IT                    0x08005085   Thumb Code    54  stm32f1xx_hal_uart.o(i.UART_Start_Receive_IT)
    USART1_IRQHandler                        0x08005121   Thumb Code     6  stm32f1xx_it.o(i.USART1_IRQHandler)
    USBD_CDC_GetDeviceQualifierDescriptor    0x08005209   Thumb Code     8  usbd_cdc.o(i.USBD_CDC_GetDeviceQualifierDescriptor)
    USBD_CDC_ReceivePacket                   0x080052cd   Thumb Code    40  usbd_cdc.o(i.USBD_CDC_ReceivePacket)
    USBD_CDC_RegisterInterface               0x080052f5   Thumb Code    16  usbd_cdc.o(i.USBD_CDC_RegisterInterface)
    USBD_CDC_SetRxBuffer                     0x08005305   Thumb Code    12  usbd_cdc.o(i.USBD_CDC_SetRxBuffer)
    USBD_CDC_SetTxBuffer                     0x08005311   Thumb Code    16  usbd_cdc.o(i.USBD_CDC_SetTxBuffer)
    USBD_ClrClassConfig                      0x080053cd   Thumb Code    14  usbd_core.o(i.USBD_ClrClassConfig)
    USBD_CtlContinueRx                       0x080053db   Thumb Code    16  usbd_ioreq.o(i.USBD_CtlContinueRx)
    USBD_CtlContinueSendData                 0x080053eb   Thumb Code    16  usbd_ioreq.o(i.USBD_CtlContinueSendData)
    USBD_CtlError                            0x080053fb   Thumb Code    22  usbd_ctlreq.o(i.USBD_CtlError)
    USBD_CtlPrepareRx                        0x08005411   Thumb Code    30  usbd_ioreq.o(i.USBD_CtlPrepareRx)
    USBD_CtlReceiveStatus                    0x0800542f   Thumb Code    22  usbd_ioreq.o(i.USBD_CtlReceiveStatus)
    USBD_CtlSendData                         0x08005445   Thumb Code    26  usbd_ioreq.o(i.USBD_CtlSendData)
    USBD_CtlSendStatus                       0x0800545f   Thumb Code    22  usbd_ioreq.o(i.USBD_CtlSendStatus)
    USBD_FS_ConfigStrDescriptor              0x08005475   Thumb Code    16  usbd_desc.o(i.USBD_FS_ConfigStrDescriptor)
    USBD_FS_DeviceDescriptor                 0x08005495   Thumb Code     8  usbd_desc.o(i.USBD_FS_DeviceDescriptor)
    USBD_FS_InterfaceStrDescriptor           0x080054a1   Thumb Code    16  usbd_desc.o(i.USBD_FS_InterfaceStrDescriptor)
    USBD_FS_LangIDStrDescriptor              0x080054c5   Thumb Code     8  usbd_desc.o(i.USBD_FS_LangIDStrDescriptor)
    USBD_FS_ManufacturerStrDescriptor        0x080054d1   Thumb Code    16  usbd_desc.o(i.USBD_FS_ManufacturerStrDescriptor)
    USBD_FS_ProductStrDescriptor             0x080054f9   Thumb Code    16  usbd_desc.o(i.USBD_FS_ProductStrDescriptor)
    USBD_FS_SerialStrDescriptor              0x08005525   Thumb Code    48  usbd_desc.o(i.USBD_FS_SerialStrDescriptor)
    USBD_GetString                           0x08005645   Thumb Code    72  usbd_ctlreq.o(i.USBD_GetString)
    USBD_Init                                0x080056a5   Thumb Code    42  usbd_core.o(i.USBD_Init)
    USBD_LL_ClearStallEP                     0x080056cf   Thumb Code    18  usbd_conf.o(i.USBD_LL_ClearStallEP)
    USBD_LL_CloseEP                          0x080056e1   Thumb Code    18  usbd_conf.o(i.USBD_LL_CloseEP)
    USBD_LL_DataInStage                      0x080056f3   Thumb Code   198  usbd_core.o(i.USBD_LL_DataInStage)
    USBD_LL_DataOutStage                     0x080057b9   Thumb Code   130  usbd_core.o(i.USBD_LL_DataOutStage)
    USBD_LL_GetRxDataSize                    0x0800583b   Thumb Code     8  usbd_conf.o(i.USBD_LL_GetRxDataSize)
    USBD_LL_Init                             0x08005845   Thumb Code   118  usbd_conf.o(i.USBD_LL_Init)
    USBD_LL_IsStallEP                        0x080058c5   Thumb Code    32  usbd_conf.o(i.USBD_LL_IsStallEP)
    USBD_LL_OpenEP                           0x080058e5   Thumb Code    24  usbd_conf.o(i.USBD_LL_OpenEP)
    USBD_LL_PrepareReceive                   0x080058fd   Thumb Code    18  usbd_conf.o(i.USBD_LL_PrepareReceive)
    USBD_LL_Reset                            0x0800590f   Thumb Code    80  usbd_core.o(i.USBD_LL_Reset)
    USBD_LL_Resume                           0x0800595f   Thumb Code    20  usbd_core.o(i.USBD_LL_Resume)
    USBD_LL_SOF                              0x08005973   Thumb Code    24  usbd_core.o(i.USBD_LL_SOF)
    USBD_LL_SetSpeed                         0x0800598b   Thumb Code     6  usbd_core.o(i.USBD_LL_SetSpeed)
    USBD_LL_SetUSBAddress                    0x08005991   Thumb Code    18  usbd_conf.o(i.USBD_LL_SetUSBAddress)
    USBD_LL_SetupStage                       0x080059a3   Thumb Code    90  usbd_core.o(i.USBD_LL_SetupStage)
    USBD_LL_StallEP                          0x080059fd   Thumb Code    18  usbd_conf.o(i.USBD_LL_StallEP)
    USBD_LL_Start                            0x08005a0f   Thumb Code    18  usbd_conf.o(i.USBD_LL_Start)
    USBD_LL_Suspend                          0x08005a21   Thumb Code    18  usbd_core.o(i.USBD_LL_Suspend)
    USBD_LL_Transmit                         0x08005a33   Thumb Code    18  usbd_conf.o(i.USBD_LL_Transmit)
    USBD_ParseSetupRequest                   0x08005a45   Thumb Code    40  usbd_ctlreq.o(i.USBD_ParseSetupRequest)
    USBD_RegisterClass                       0x08005a6d   Thumb Code    16  usbd_core.o(i.USBD_RegisterClass)
    USBD_SetClassConfig                      0x08005a7d   Thumb Code    22  usbd_core.o(i.USBD_SetClassConfig)
    USBD_Start                               0x08005b19   Thumb Code    10  usbd_core.o(i.USBD_Start)
    USBD_StdDevReq                           0x08005b23   Thumb Code   274  usbd_ctlreq.o(i.USBD_StdDevReq)
    USBD_StdEPReq                            0x08005c35   Thumb Code   336  usbd_ctlreq.o(i.USBD_StdEPReq)
    USBD_StdItfReq                           0x08005d85   Thumb Code    78  usbd_ctlreq.o(i.USBD_StdItfReq)
    USBD_static_free                         0x08005dd3   Thumb Code     2  usbd_conf.o(i.USBD_static_free)
    USBD_static_malloc                       0x08005dd5   Thumb Code     4  usbd_conf.o(i.USBD_static_malloc)
    USB_ActivateEndpoint                     0x08005ddd   Thumb Code   600  stm32f1xx_ll_usb.o(i.USB_ActivateEndpoint)
    USB_CoreInit                             0x08006035   Thumb Code     4  stm32f1xx_ll_usb.o(i.USB_CoreInit)
    USB_DeactivateEndpoint                   0x08006039   Thumb Code   270  stm32f1xx_ll_usb.o(i.USB_DeactivateEndpoint)
    USB_DevConnect                           0x08006147   Thumb Code     4  stm32f1xx_ll_usb.o(i.USB_DevConnect)
    USB_DevDisconnect                        0x0800614b   Thumb Code     4  stm32f1xx_ll_usb.o(i.USB_DevDisconnect)
    USB_DevInit                              0x0800614f   Thumb Code    18  stm32f1xx_ll_usb.o(i.USB_DevInit)
    USB_DisableGlobalInt                     0x08006161   Thumb Code    14  stm32f1xx_ll_usb.o(i.USB_DisableGlobalInt)
    USB_EP0_OutStart                         0x0800616f   Thumb Code     4  stm32f1xx_ll_usb.o(i.USB_EP0_OutStart)
    USB_EPClearStall                         0x08006173   Thumb Code   120  stm32f1xx_ll_usb.o(i.USB_EPClearStall)
    USB_EPSetStall                           0x080061eb   Thumb Code    50  stm32f1xx_ll_usb.o(i.USB_EPSetStall)
    USB_EPStartXfer                          0x0800621d   Thumb Code  1548  stm32f1xx_ll_usb.o(i.USB_EPStartXfer)
    USB_EnableGlobalInt                      0x08006829   Thumb Code    18  stm32f1xx_ll_usb.o(i.USB_EnableGlobalInt)
    USB_LP_CAN1_RX0_IRQHandler               0x0800683d   Thumb Code     6  stm32f1xx_it.o(i.USB_LP_CAN1_RX0_IRQHandler)
    USB_ReadInterrupts                       0x08006849   Thumb Code     6  stm32f1xx_ll_usb.o(i.USB_ReadInterrupts)
    USB_ReadPMA                              0x08006851   Thumb Code    44  stm32f1xx_ll_usb.o(i.USB_ReadPMA)
    USB_SetCurrentMode                       0x0800687d   Thumb Code     4  stm32f1xx_ll_usb.o(i.USB_SetCurrentMode)
    USB_SetDevAddress                        0x08006881   Thumb Code    12  stm32f1xx_ll_usb.o(i.USB_SetDevAddress)
    USB_WritePMA                             0x0800688d   Thumb Code    38  stm32f1xx_ll_usb.o(i.USB_WritePMA)
    UsageFault_Handler                       0x080068b3   Thumb Code     2  stm32f1xx_it.o(i.UsageFault_Handler)
    __0sprintf                               0x080068b5   Thumb Code    34  printfa.o(i.__0sprintf)
    __1sprintf                               0x080068b5   Thumb Code     0  printfa.o(i.__0sprintf)
    __2sprintf                               0x080068b5   Thumb Code     0  printfa.o(i.__0sprintf)
    __c89sprintf                             0x080068b5   Thumb Code     0  printfa.o(i.__0sprintf)
    sprintf                                  0x080068b5   Thumb Code     0  printfa.o(i.__0sprintf)
    __scatterload_copy                       0x080068fd   Thumb Code    14  handlers.o(i.__scatterload_copy)
    __scatterload_null                       0x0800690b   Thumb Code     2  handlers.o(i.__scatterload_null)
    __scatterload_zeroinit                   0x0800690d   Thumb Code    14  handlers.o(i.__scatterload_zeroinit)
    main                                     0x080071d9   Thumb Code    98  main.o(i.main)
    AHBPrescTable                            0x08007250   Data          16  system_stm32f1xx.o(.constdata)
    APBPrescTable                            0x08007260   Data           8  system_stm32f1xx.o(.constdata)
    Region$$Table$$Base                      0x08007520   Number         0  anon$$obj.o(Region$$Table)
    Region$$Table$$Limit                     0x08007540   Number         0  anon$$obj.o(Region$$Table)
    LED                                      0x20000000   Data           8  drv_led.o(.data)
    POWER                                    0x20000008   Data          64  drv_power_gpio.o(.data)
    GPIOSTATUS                               0x20000048   Data          64  drv_power_gpio.o(.data)
    HC595                                    0x20000088   Data          40  drv_595.o(.data)
    AD_Value1                                0x200000b8   Data           2  drv_power_vol.o(.data)
    AD_Value2                                0x200000ba   Data           2  drv_power_vol.o(.data)
    vol                                      0x200000bc   Data           2  drv_power_vol.o(.data)
    VOLADG714                                0x200000be   Data          82  drv_power_vol.o(.data)
    VOLNAME                                  0x20000110   Data         164  drv_power_vol.o(.data)
    FRQLW                                    0x200001bc   Data           2  drv_ad9837.o(.data)
    FRQHW                                    0x200001be   Data           2  drv_ad9837.o(.data)
    phaseVal                                 0x200001c0   Data           4  drv_ad9837.o(.data)
    DDSADG714                                0x200001c4   Data          16  drv_power_dds.o(.data)
    DDSNAME                                  0x200001d4   Data          80  drv_power_dds.o(.data)
    uwTickFreq                               0x20000228   Data           1  stm32f1xx_hal.o(.data)
    uwTickPrio                               0x2000022c   Data           4  stm32f1xx_hal.o(.data)
    uwTick                                   0x20000230   Data           4  stm32f1xx_hal.o(.data)
    SystemCoreClock                          0x20000234   Data           4  system_stm32f1xx.o(.data)
    FS_Desc                                  0x20000238   Data          28  usbd_desc.o(.data)
    USBD_LangIDDesc                          0x20000254   Data           4  usbd_desc.o(.data)
    USBD_FS_DeviceDesc                       0x20000258   Data          18  usbd_desc.o(.data)
    USBD_StringSerial                        0x2000026c   Data          26  usbd_desc.o(.data)
    USBD_Interface_fops_FS                   0x20000288   Data          16  usbd_cdc_if.o(.data)
    USBD_CDC_CfgHSDesc                       0x200002a8   Data          67  usbd_cdc.o(.data)
    USBD_CDC_CfgFSDesc                       0x200002ec   Data          67  usbd_cdc.o(.data)
    USBD_CDC_OtherSpeedCfgDesc               0x20000330   Data          67  usbd_cdc.o(.data)
    USBD_CDC                                 0x20000374   Data          56  usbd_cdc.o(.data)
    ALLVOLCMD                                0x200003ac   Data         160  drv_power_vol.o(.bss)
    ADC_Value                                0x2000044c   Data         200  drv_power_wave.o(.bss)
    ONEWAVE                                  0x20000514   Data         400  drv_power_wave.o(.bss)
    aRxBuffer1                               0x20000944   Data          10  drv_cmd.o(.bss)
    hadc1                                    0x200009e4   Data          48  adc.o(.bss)
    hadc2                                    0x20000a14   Data          48  adc.o(.bss)
    hadc3                                    0x20000a44   Data          48  adc.o(.bss)
    hdma_adc3                                0x20000a74   Data          68  adc.o(.bss)
    hspi1                                    0x20000ab8   Data          88  spi.o(.bss)
    hspi2                                    0x20000b10   Data          88  spi.o(.bss)
    huart1                                   0x20000b68   Data          68  usart.o(.bss)
    hUsbDeviceFS                             0x20000bac   Data         708  usb_device.o(.bss)
    USBD_StrDesc                             0x20000e70   Data         512  usbd_desc.o(.bss)
    UserRxBufferFS                           0x20001070   Data        1000  usbd_cdc_if.o(.bss)
    UserTxBufferFS                           0x20001458   Data        1000  usbd_cdc_if.o(.bss)
    hpcd_USB_FS                              0x20001a60   Data         748  usbd_conf.o(.bss)
    __initial_sp                             0x2000bd50   Data           0  startup_stm32f103xe.o(STACK)



==============================================================================

Memory Map of the image

  Image Entry point : 0x08000131

  Load Region LR_IROM1 (Base: 0x08000000, Size: 0x000078ec, Max: 0x00040000, ABSOLUTE, COMPRESSED[0x00007770])

    Execution Region ER_IROM1 (Exec base: 0x08000000, Load base: 0x08000000, Size: 0x00007540, Max: 0x00040000, ABSOLUTE)

    Exec Addr    Load Addr    Size         Type   Attr      Idx    E Section Name        Object

    0x08000000   0x08000000   0x00000130   Data   RO            3    RESET               startup_stm32f103xe.o
    0x08000130   0x08000130   0x00000000   Code   RO         4445  * .ARM.Collect$$$$00000000  mc_w.l(entry.o)
    0x08000130   0x08000130   0x00000004   Code   RO         4743    .ARM.Collect$$$$00000001  mc_w.l(entry2.o)
    0x08000134   0x08000134   0x00000004   Code   RO         4746    .ARM.Collect$$$$00000004  mc_w.l(entry5.o)
    0x08000138   0x08000138   0x00000000   Code   RO         4748    .ARM.Collect$$$$00000008  mc_w.l(entry7b.o)
    0x08000138   0x08000138   0x00000000   Code   RO         4750    .ARM.Collect$$$$0000000A  mc_w.l(entry8b.o)
    0x08000138   0x08000138   0x00000008   Code   RO         4751    .ARM.Collect$$$$0000000B  mc_w.l(entry9a.o)
    0x08000140   0x08000140   0x00000000   Code   RO         4753    .ARM.Collect$$$$0000000D  mc_w.l(entry10a.o)
    0x08000140   0x08000140   0x00000000   Code   RO         4755    .ARM.Collect$$$$0000000F  mc_w.l(entry11a.o)
    0x08000140   0x08000140   0x00000004   Code   RO         4744    .ARM.Collect$$$$00002712  mc_w.l(entry2.o)
    0x08000144   0x08000144   0x00000024   Code   RO            4    .text               startup_stm32f103xe.o
    0x08000168   0x08000168   0x00000020   Code   RO         4448    .text               mc_w.l(llushr.o)
    0x08000188   0x08000188   0x00000024   Code   RO         4450    .text               mc_w.l(memcpya.o)
    0x080001ac   0x080001ac   0x00000024   Code   RO         4452    .text               mc_w.l(memseta.o)
    0x080001d0   0x080001d0   0x0000000e   Code   RO         4454    .text               mc_w.l(strlen.o)
    0x080001de   0x080001de   0x00000064   Code   RO         4719    .text               mf_w.l(fmul.o)
    0x08000242   0x08000242   0x0000014e   Code   RO         4721    .text               mf_w.l(dadd.o)
    0x08000390   0x08000390   0x000000e4   Code   RO         4723    .text               mf_w.l(dmul.o)
    0x08000474   0x08000474   0x000000de   Code   RO         4725    .text               mf_w.l(ddiv.o)
    0x08000552   0x08000552   0x0000002e   Code   RO         4727    .text               mf_w.l(dscalb.o)
    0x08000580   0x08000580   0x0000000a   Code   RO         4729    .text               mf_w.l(ffltui.o)
    0x0800058a   0x0800058a   0x0000001a   Code   RO         4731    .text               mf_w.l(dfltui.o)
    0x080005a4   0x080005a4   0x00000032   Code   RO         4733    .text               mf_w.l(ffixi.o)
    0x080005d6   0x080005d6   0x00000028   Code   RO         4735    .text               mf_w.l(ffixui.o)
    0x080005fe   0x080005fe   0x0000003e   Code   RO         4737    .text               mf_w.l(dfixi.o)
    0x0800063c   0x0800063c   0x00000032   Code   RO         4739    .text               mf_w.l(dfixui.o)
    0x0800066e   0x0800066e   0x00000026   Code   RO         4741    .text               mf_w.l(f2d.o)
    0x08000694   0x08000694   0x0000002c   Code   RO         4760    .text               mc_w.l(uidiv.o)
    0x080006c0   0x080006c0   0x00000062   Code   RO         4762    .text               mc_w.l(uldiv.o)
    0x08000722   0x08000722   0x0000001e   Code   RO         4764    .text               mc_w.l(llshl.o)
    0x08000740   0x08000740   0x00000024   Code   RO         4766    .text               mc_w.l(llsshr.o)
    0x08000764   0x08000764   0x00000000   Code   RO         4768    .text               mc_w.l(iusefp.o)
    0x08000764   0x08000764   0x0000006e   Code   RO         4769    .text               mf_w.l(fepilogue.o)
    0x080007d2   0x080007d2   0x000000ba   Code   RO         4771    .text               mf_w.l(depilogue.o)
    0x0800088c   0x0800088c   0x00000030   Code   RO         4773    .text               mf_w.l(dfixul.o)
    0x080008bc   0x080008bc   0x00000030   Code   RO         4775    .text               mf_w.l(cdrcmple.o)
    0x080008ec   0x080008ec   0x00000024   Code   RO         4777    .text               mc_w.l(init.o)
    0x08000910   0x08000910   0x00000056   Code   RO         4789    .text               mc_w.l(__dczerorl2.o)
    0x08000966   0x08000966   0x00000002   PAD
    0x08000968   0x08000968   0x00000088   Code   RO          578    i.AD9837_Init       drv_power_dds.o
    0x080009f0   0x080009f0   0x00000008   Code   RO          481    i.AD9837_Resert     drv_ad9837.o
    0x080009f8   0x080009f8   0x00000040   Code   RO          482    i.AD9837_SetRegisterValue  drv_ad9837.o
    0x08000a38   0x08000a38   0x00000022   Code   RO          483    i.AD9837_SetWave    drv_ad9837.o
    0x08000a5a   0x08000a5a   0x00000002   PAD
    0x08000a5c   0x08000a5c   0x0000009c   Code   RO          484    i.AD9837_SetWaveData  drv_ad9837.o
    0x08000af8   0x08000af8   0x00000056   Code   RO         2676    i.ADC_ConversionStop_Disable  stm32f1xx_hal_adc.o
    0x08000b4e   0x08000b4e   0x0000004e   Code   RO         2677    i.ADC_DMAConvCplt   stm32f1xx_hal_adc.o
    0x08000b9c   0x08000b9c   0x0000001a   Code   RO         2678    i.ADC_DMAError      stm32f1xx_hal_adc.o
    0x08000bb6   0x08000bb6   0x0000000a   Code   RO         2679    i.ADC_DMAHalfConvCplt  stm32f1xx_hal_adc.o
    0x08000bc0   0x08000bc0   0x0000007c   Code   RO         2680    i.ADC_Enable        stm32f1xx_hal_adc.o
    0x08000c3c   0x08000c3c   0x00000018   Code   RO          436    i.Adj714AllZero     drv_adg714.o
    0x08000c54   0x08000c54   0x0000002c   Code   RO          437    i.Adj714Resert      drv_adg714.o
    0x08000c80   0x08000c80   0x00000050   Code   RO          438    i.Adj714Write       drv_adg714.o
    0x08000cd0   0x08000cd0   0x00000002   Code   RO         1094    i.BusFault_Handler  stm32f1xx_it.o
    0x08000cd2   0x08000cd2   0x00000004   Code   RO         3815    i.CDC_Control_FS    usbd_cdc_if.o
    0x08000cd6   0x08000cd6   0x00000004   Code   RO         3816    i.CDC_DeInit_FS     usbd_cdc_if.o
    0x08000cda   0x08000cda   0x00000002   PAD
    0x08000cdc   0x08000cdc   0x00000024   Code   RO         3817    i.CDC_Init_FS       usbd_cdc_if.o
    0x08000d00   0x08000d00   0x00000018   Code   RO         3818    i.CDC_Receive_FS    usbd_cdc_if.o
    0x08000d18   0x08000d18   0x00000078   Code   RO          327    i.CableSet          drv_access_con.o
    0x08000d90   0x08000d90   0x00000032   Code   RO          605    i.CalcCrc16         comm_prot.o
    0x08000dc2   0x08000dc2   0x00000002   PAD
    0x08000dc4   0x08000dc4   0x0000004c   Code   RO          688    i.CommInit          drv_cmd.o
    0x08000e10   0x08000e10   0x00000010   Code   RO          606    i.CommPrintInit     comm_prot.o
    0x08000e20   0x08000e20   0x00000230   Code   RO          607    i.CommRecvData      comm_prot.o
    0x08001050   0x08001050   0x0000013c   Code   RO          608    i.CommSendData      comm_prot.o
    0x0800118c   0x0800118c   0x00000044   Code   RO          609    i.CommStructInit    comm_prot.o
    0x080011d0   0x080011d0   0x0000000c   Code   RO         1095    i.DMA2_Channel4_5_IRQHandler  stm32f1xx_it.o
    0x080011dc   0x080011dc   0x0000002a   Code   RO         2079    i.DMA_SetConfig     stm32f1xx_hal_dma.o
    0x08001206   0x08001206   0x00000002   Code   RO         1096    i.DebugMon_Handler  stm32f1xx_it.o
    0x08001208   0x08001208   0x00000002   Code   RO          860    i.Error_Handler     main.o
    0x0800120a   0x0800120a   0x0000006c   Code   RO          610    i.EscapeDataToRawData  comm_prot.o
    0x08001276   0x08001276   0x00000002   PAD
    0x08001278   0x08001278   0x00000050   Code   RO          377    i.GetAllVol         drv_power_vol.o
    0x080012c8   0x080012c8   0x00000038   Code   RO          689    i.GetAllVolCmd      drv_cmd.o
    0x08001300   0x08001300   0x00000060   Code   RO          378    i.GetPowerState     drv_power_vol.o
    0x08001360   0x08001360   0x000000b0   Code   RO          534    i.GetPowerWaveFreq  drv_power_wave.o
    0x08001410   0x08001410   0x000000c4   Code   RO          690    i.GetWaveFreqCmd    drv_cmd.o
    0x080014d4   0x080014d4   0x000000d8   Code   RO         2856    i.HAL_ADCEx_Calibration_Start  stm32f1xx_hal_adc_ex.o
    0x080015ac   0x080015ac   0x000000fc   Code   RO         2682    i.HAL_ADC_ConfigChannel  stm32f1xx_hal_adc.o
    0x080016a8   0x080016a8   0x00000002   Code   RO         2683    i.HAL_ADC_ConvCpltCallback  stm32f1xx_hal_adc.o
    0x080016aa   0x080016aa   0x00000002   Code   RO         2684    i.HAL_ADC_ConvHalfCpltCallback  stm32f1xx_hal_adc.o
    0x080016ac   0x080016ac   0x00000002   Code   RO         2686    i.HAL_ADC_ErrorCallback  stm32f1xx_hal_adc.o
    0x080016ae   0x080016ae   0x00000004   Code   RO         2688    i.HAL_ADC_GetState  stm32f1xx_hal_adc.o
    0x080016b2   0x080016b2   0x00000006   Code   RO         2689    i.HAL_ADC_GetValue  stm32f1xx_hal_adc.o
    0x080016b8   0x080016b8   0x00000120   Code   RO         2691    i.HAL_ADC_Init      stm32f1xx_hal_adc.o
    0x080017d8   0x080017d8   0x00000114   Code   RO          927    i.HAL_ADC_MspInit   adc.o
    0x080018ec   0x080018ec   0x0000013c   Code   RO         2695    i.HAL_ADC_PollForConversion  stm32f1xx_hal_adc.o
    0x08001a28   0x08001a28   0x000000c0   Code   RO         2697    i.HAL_ADC_Start     stm32f1xx_hal_adc.o
    0x08001ae8   0x08001ae8   0x0000010c   Code   RO         2698    i.HAL_ADC_Start_DMA  stm32f1xx_hal_adc.o
    0x08001bf4   0x08001bf4   0x00000056   Code   RO         2701    i.HAL_ADC_Stop_DMA  stm32f1xx_hal_adc.o
    0x08001c4a   0x08001c4a   0x00000046   Code   RO         2080    i.HAL_DMA_Abort     stm32f1xx_hal_dma.o
    0x08001c90   0x08001c90   0x00000130   Code   RO         2081    i.HAL_DMA_Abort_IT  stm32f1xx_hal_dma.o
    0x08001dc0   0x08001dc0   0x00000248   Code   RO         2085    i.HAL_DMA_IRQHandler  stm32f1xx_hal_dma.o
    0x08002008   0x08002008   0x0000007c   Code   RO         2086    i.HAL_DMA_Init      stm32f1xx_hal_dma.o
    0x08002084   0x08002084   0x00000070   Code   RO         2090    i.HAL_DMA_Start_IT  stm32f1xx_hal_dma.o
    0x080020f4   0x080020f4   0x00000024   Code   RO         1708    i.HAL_Delay         stm32f1xx_hal.o
    0x08002118   0x08002118   0x000001f8   Code   RO         2016    i.HAL_GPIO_Init     stm32f1xx_hal_gpio.o
    0x08002310   0x08002310   0x0000000a   Code   RO         2018    i.HAL_GPIO_ReadPin  stm32f1xx_hal_gpio.o
    0x0800231a   0x0800231a   0x00000010   Code   RO         2019    i.HAL_GPIO_TogglePin  stm32f1xx_hal_gpio.o
    0x0800232a   0x0800232a   0x0000000a   Code   RO         2020    i.HAL_GPIO_WritePin  stm32f1xx_hal_gpio.o
    0x08002334   0x08002334   0x0000000c   Code   RO         1712    i.HAL_GetTick       stm32f1xx_hal.o
    0x08002340   0x08002340   0x00000010   Code   RO         1718    i.HAL_IncTick       stm32f1xx_hal.o
    0x08002350   0x08002350   0x00000024   Code   RO         1719    i.HAL_Init          stm32f1xx_hal.o
    0x08002374   0x08002374   0x00000040   Code   RO         1720    i.HAL_InitTick      stm32f1xx_hal.o
    0x080023b4   0x080023b4   0x0000003c   Code   RO         1188    i.HAL_MspInit       stm32f1xx_hal_msp.o
    0x080023f0   0x080023f0   0x0000001a   Code   RO         2176    i.HAL_NVIC_EnableIRQ  stm32f1xx_hal_cortex.o
    0x0800240a   0x0800240a   0x00000002   PAD
    0x0800240c   0x0800240c   0x00000040   Code   RO         2182    i.HAL_NVIC_SetPriority  stm32f1xx_hal_cortex.o
    0x0800244c   0x0800244c   0x00000024   Code   RO         2183    i.HAL_NVIC_SetPriorityGrouping  stm32f1xx_hal_cortex.o
    0x08002470   0x08002470   0x0000003c   Code   RO         1481    i.HAL_PCDEx_PMAConfig  stm32f1xx_hal_pcd_ex.o
    0x080024ac   0x080024ac   0x00000002   Code   RO         3867    i.HAL_PCDEx_SetConnectionState  usbd_conf.o
    0x080024ae   0x080024ae   0x00000012   Code   RO         3869    i.HAL_PCD_DataInStageCallback  usbd_conf.o
    0x080024c0   0x080024c0   0x00000014   Code   RO         3870    i.HAL_PCD_DataOutStageCallback  usbd_conf.o
    0x080024d4   0x080024d4   0x0000004c   Code   RO         1257    i.HAL_PCD_EP_Close  stm32f1xx_hal_pcd.o
    0x08002520   0x08002520   0x0000005c   Code   RO         1258    i.HAL_PCD_EP_ClrStall  stm32f1xx_hal_pcd.o
    0x0800257c   0x0800257c   0x000000e6   Code   RO         1259    i.HAL_PCD_EP_DB_Receive  stm32f1xx_hal_pcd.o
    0x08002662   0x08002662   0x00000330   Code   RO         1260    i.HAL_PCD_EP_DB_Transmit  stm32f1xx_hal_pcd.o
    0x08002992   0x08002992   0x00000012   Code   RO         1262    i.HAL_PCD_EP_GetRxCount  stm32f1xx_hal_pcd.o
    0x080029a4   0x080029a4   0x00000060   Code   RO         1263    i.HAL_PCD_EP_Open   stm32f1xx_hal_pcd.o
    0x08002a04   0x08002a04   0x00000032   Code   RO         1264    i.HAL_PCD_EP_Receive  stm32f1xx_hal_pcd.o
    0x08002a36   0x08002a36   0x00000072   Code   RO         1265    i.HAL_PCD_EP_SetStall  stm32f1xx_hal_pcd.o
    0x08002aa8   0x08002aa8   0x00000034   Code   RO         1266    i.HAL_PCD_EP_Transmit  stm32f1xx_hal_pcd.o
    0x08002adc   0x08002adc   0x00000154   Code   RO         1268    i.HAL_PCD_IRQHandler  stm32f1xx_hal_pcd.o
    0x08002c30   0x08002c30   0x000000da   Code   RO         1271    i.HAL_PCD_Init      stm32f1xx_hal_pcd.o
    0x08002d0a   0x08002d0a   0x00000002   PAD
    0x08002d0c   0x08002d0c   0x0000003c   Code   RO         3875    i.HAL_PCD_MspInit   usbd_conf.o
    0x08002d48   0x08002d48   0x00000026   Code   RO         3876    i.HAL_PCD_ResetCallback  usbd_conf.o
    0x08002d6e   0x08002d6e   0x00000008   Code   RO         3877    i.HAL_PCD_ResumeCallback  usbd_conf.o
    0x08002d76   0x08002d76   0x00000008   Code   RO         3878    i.HAL_PCD_SOFCallback  usbd_conf.o
    0x08002d7e   0x08002d7e   0x00000028   Code   RO         1277    i.HAL_PCD_SetAddress  stm32f1xx_hal_pcd.o
    0x08002da6   0x08002da6   0x0000000e   Code   RO         3879    i.HAL_PCD_SetupStageCallback  usbd_conf.o
    0x08002db4   0x08002db4   0x00000032   Code   RO         1279    i.HAL_PCD_Start     stm32f1xx_hal_pcd.o
    0x08002de6   0x08002de6   0x00000002   PAD
    0x08002de8   0x08002de8   0x00000024   Code   RO         3880    i.HAL_PCD_SuspendCallback  usbd_conf.o
    0x08002e0c   0x08002e0c   0x000000d4   Code   RO         1978    i.HAL_RCCEx_GetPeriphCLKFreq  stm32f1xx_hal_rcc_ex.o
    0x08002ee0   0x08002ee0   0x000000ec   Code   RO         1979    i.HAL_RCCEx_PeriphCLKConfig  stm32f1xx_hal_rcc_ex.o
    0x08002fcc   0x08002fcc   0x0000012c   Code   RO         1876    i.HAL_RCC_ClockConfig  stm32f1xx_hal_rcc.o
    0x080030f8   0x080030f8   0x00000020   Code   RO         1883    i.HAL_RCC_GetPCLK1Freq  stm32f1xx_hal_rcc.o
    0x08003118   0x08003118   0x00000020   Code   RO         1884    i.HAL_RCC_GetPCLK2Freq  stm32f1xx_hal_rcc.o
    0x08003138   0x08003138   0x0000006c   Code   RO         1885    i.HAL_RCC_GetSysClockFreq  stm32f1xx_hal_rcc.o
    0x080031a4   0x080031a4   0x00000320   Code   RO         1888    i.HAL_RCC_OscConfig  stm32f1xx_hal_rcc.o
    0x080034c4   0x080034c4   0x000000b2   Code   RO         2963    i.HAL_SPI_Init      stm32f1xx_hal_spi.o
    0x08003576   0x08003576   0x00000002   PAD
    0x08003578   0x08003578   0x000000c0   Code   RO         1005    i.HAL_SPI_MspInit   spi.o
    0x08003638   0x08003638   0x00000166   Code   RO         2971    i.HAL_SPI_Transmit  stm32f1xx_hal_spi.o
    0x0800379e   0x0800379e   0x00000028   Code   RO         2187    i.HAL_SYSTICK_Config  stm32f1xx_hal_cortex.o
    0x080037c6   0x080037c6   0x00000002   Code   RO         3321    i.HAL_UARTEx_RxEventCallback  stm32f1xx_hal_uart.o
    0x080037c8   0x080037c8   0x00000002   Code   RO         3335    i.HAL_UART_ErrorCallback  stm32f1xx_hal_uart.o
    0x080037ca   0x080037ca   0x00000002   PAD
    0x080037cc   0x080037cc   0x0000020c   Code   RO         3338    i.HAL_UART_IRQHandler  stm32f1xx_hal_uart.o
    0x080039d8   0x080039d8   0x00000062   Code   RO         3339    i.HAL_UART_Init     stm32f1xx_hal_uart.o
    0x08003a3a   0x08003a3a   0x00000002   PAD
    0x08003a3c   0x08003a3c   0x00000080   Code   RO         1053    i.HAL_UART_MspInit  usart.o
    0x08003abc   0x08003abc   0x0000002a   Code   RO         3344    i.HAL_UART_Receive_IT  stm32f1xx_hal_uart.o
    0x08003ae6   0x08003ae6   0x00000002   PAD
    0x08003ae8   0x08003ae8   0x00000024   Code   RO          691    i.HAL_UART_RxCpltCallback  drv_cmd.o
    0x08003b0c   0x08003b0c   0x000000b2   Code   RO         3347    i.HAL_UART_Transmit  stm32f1xx_hal_uart.o
    0x08003bbe   0x08003bbe   0x00000002   Code   RO         3350    i.HAL_UART_TxCpltCallback  stm32f1xx_hal_uart.o
    0x08003bc0   0x08003bc0   0x00000002   Code   RO         1097    i.HardFault_Handler  stm32f1xx_it.o
    0x08003bc2   0x08003bc2   0x00000002   PAD
    0x08003bc4   0x08003bc4   0x00000080   Code   RO          287    i.Hc595PutInByte    drv_595.o
    0x08003c44   0x08003c44   0x000000ac   Code   RO          288    i.Hc595TransmitMultiByte  drv_595.o
    0x08003cf0   0x08003cf0   0x00000038   Code   RO         3736    i.IntToUnicode      usbd_desc.o
    0x08003d28   0x08003d28   0x000001a8   Code   RO          611    i.IsPackCheckCorrect  comm_prot.o
    0x08003ed0   0x08003ed0   0x00000010   Code   RO          808    i.IsRingBufEmpty    ring_buffer.o
    0x08003ee0   0x08003ee0   0x00000014   Code   RO          809    i.IsRingBufFull     ring_buffer.o
    0x08003ef4   0x08003ef4   0x000001cc   Code   RO          379    i.LogPowerState     drv_power_vol.o
    0x080040c0   0x080040c0   0x00000088   Code   RO          146    i.LogPowerWorkState  drv_power_gpio.o
    0x08004148   0x08004148   0x00000050   Code   RO          928    i.MX_ADC1_Init      adc.o
    0x08004198   0x08004198   0x0000004c   Code   RO          929    i.MX_ADC2_Init      adc.o
    0x080041e4   0x080041e4   0x00000050   Code   RO          930    i.MX_ADC3_Init      adc.o
    0x08004234   0x08004234   0x0000002c   Code   RO          980    i.MX_DMA_Init       dma.o
    0x08004260   0x08004260   0x0000012c   Code   RO          902    i.MX_GPIO_Init      gpio.o
    0x0800438c   0x0800438c   0x00000048   Code   RO         1006    i.MX_SPI1_Init      spi.o
    0x080043d4   0x080043d4   0x00000048   Code   RO         1007    i.MX_SPI2_Init      spi.o
    0x0800441c   0x0800441c   0x00000038   Code   RO         1054    i.MX_USART1_UART_Init  usart.o
    0x08004454   0x08004454   0x00000054   Code   RO         3705    i.MX_USB_DEVICE_Init  usb_device.o
    0x080044a8   0x080044a8   0x00000002   Code   RO         1098    i.MemManage_Handler  stm32f1xx_it.o
    0x080044aa   0x080044aa   0x00000002   Code   RO         1099    i.NMI_Handler       stm32f1xx_it.o
    0x080044ac   0x080044ac   0x00000314   Code   RO         1283    i.PCD_EP_ISR_Handler  stm32f1xx_hal_pcd.o
    0x080047c0   0x080047c0   0x00000002   Code   RO         1100    i.PendSV_Handler    stm32f1xx_it.o
    0x080047c2   0x080047c2   0x00000002   Code   RO          612    i.Print             comm_prot.o
    0x080047c4   0x080047c4   0x000001ec   Code   RO          692    i.ProcessCmd        drv_cmd.o
    0x080049b0   0x080049b0   0x00000034   Code   RO          693    i.QueueOut          drv_cmd.o
    0x080049e4   0x080049e4   0x00000066   Code   RO          613    i.RawDataToEscapeData  comm_prot.o
    0x08004a4a   0x08004a4a   0x00000002   Code   RO          614    i.RecvPackCallback  comm_prot.o
    0x08004a4c   0x08004a4c   0x00000004   Code   RO          694    i.RecvPackCallback  drv_cmd.o
    0x08004a50   0x08004a50   0x00000054   Code   RO          328    i.RelaySet          drv_access_con.o
    0x08004aa4   0x08004aa4   0x00000018   Code   RO          329    i.RelaySetOut       drv_access_con.o
    0x08004abc   0x08004abc   0x00000014   Code   RO          330    i.RelaySetZero      drv_access_con.o
    0x08004ad0   0x08004ad0   0x00000010   Code   RO          810    i.RingBufInit       ring_buffer.o
    0x08004ae0   0x08004ae0   0x00000030   Code   RO          811    i.RingBufInsert     ring_buffer.o
    0x08004b10   0x08004b10   0x00000076   Code   RO          814    i.RingBufPopMult    ring_buffer.o
    0x08004b86   0x08004b86   0x00000020   Code   RO         3001    i.SPI_EndRxTxTransaction  stm32f1xx_hal_spi.o
    0x08004ba6   0x08004ba6   0x00000002   PAD
    0x08004ba8   0x08004ba8   0x000000b8   Code   RO         3006    i.SPI_WaitFlagStateUntilTimeout  stm32f1xx_hal_spi.o
    0x08004c60   0x08004c60   0x00000002   Code   RO         1101    i.SVC_Handler       stm32f1xx_it.o
    0x08004c62   0x08004c62   0x00000002   PAD
    0x08004c64   0x08004c64   0x0000001c   Code   RO          695    i.SendByte          drv_cmd.o
    0x08004c80   0x08004c80   0x00000004   Code   RO          615    i.SendBytes         comm_prot.o
    0x08004c84   0x08004c84   0x00000028   Code   RO          253    i.SendLog           drv_log.o
    0x08004cac   0x08004cac   0x00000030   Code   RO          289    i.SetHc595State     drv_595.o
    0x08004cdc   0x08004cdc   0x00000040   Code   RO           13    i.SetLedState       drv_led.o
    0x08004d1c   0x08004d1c   0x00000060   Code   RO          380    i.SetPowerVol       drv_power_vol.o
    0x08004d7c   0x08004d7c   0x000000b0   Code   RO          535    i.SetPowerWave      drv_power_wave.o
    0x08004e2c   0x08004e2c   0x00000004   Code   RO         1102    i.SysTick_Handler   stm32f1xx_it.o
    0x08004e30   0x08004e30   0x00000066   Code   RO          861    i.SystemClock_Config  main.o
    0x08004e96   0x08004e96   0x00000002   Code   RO         3668    i.SystemInit        system_stm32f1xx.o
    0x08004e98   0x08004e98   0x0000003c   Code   RO          536    i.TransformAllWave  drv_power_wave.o
    0x08004ed4   0x08004ed4   0x00000010   Code   RO         3352    i.UART_DMAAbortOnError  stm32f1xx_hal_uart.o
    0x08004ee4   0x08004ee4   0x00000030   Code   RO         3362    i.UART_EndRxTransfer  stm32f1xx_hal_uart.o
    0x08004f14   0x08004f14   0x000000b6   Code   RO         3364    i.UART_Receive_IT   stm32f1xx_hal_uart.o
    0x08004fca   0x08004fca   0x00000002   PAD
    0x08004fcc   0x08004fcc   0x000000b8   Code   RO         3365    i.UART_SetConfig    stm32f1xx_hal_uart.o
    0x08005084   0x08005084   0x00000036   Code   RO         3367    i.UART_Start_Receive_IT  stm32f1xx_hal_uart.o
    0x080050ba   0x080050ba   0x00000064   Code   RO         3368    i.UART_WaitOnFlagUntilTimeout  stm32f1xx_hal_uart.o
    0x0800511e   0x0800511e   0x00000002   PAD
    0x08005120   0x08005120   0x0000000c   Code   RO         1103    i.USART1_IRQHandler  stm32f1xx_it.o
    0x0800512c   0x0800512c   0x00000046   Code   RO         4342    i.USBD_CDC_DataIn   usbd_cdc.o
    0x08005172   0x08005172   0x0000002e   Code   RO         4343    i.USBD_CDC_DataOut  usbd_cdc.o
    0x080051a0   0x080051a0   0x00000044   Code   RO         4344    i.USBD_CDC_DeInit   usbd_cdc.o
    0x080051e4   0x080051e4   0x00000024   Code   RO         4345    i.USBD_CDC_EP0_RxReady  usbd_cdc.o
    0x08005208   0x08005208   0x0000000c   Code   RO         4346    i.USBD_CDC_GetDeviceQualifierDescriptor  usbd_cdc.o
    0x08005214   0x08005214   0x0000000c   Code   RO         4347    i.USBD_CDC_GetFSCfgDesc  usbd_cdc.o
    0x08005220   0x08005220   0x0000000c   Code   RO         4348    i.USBD_CDC_GetHSCfgDesc  usbd_cdc.o
    0x0800522c   0x0800522c   0x0000000c   Code   RO         4349    i.USBD_CDC_GetOtherSpeedCfgDesc  usbd_cdc.o
    0x08005238   0x08005238   0x00000094   Code   RO         4350    i.USBD_CDC_Init     usbd_cdc.o
    0x080052cc   0x080052cc   0x00000028   Code   RO         4351    i.USBD_CDC_ReceivePacket  usbd_cdc.o
    0x080052f4   0x080052f4   0x00000010   Code   RO         4352    i.USBD_CDC_RegisterInterface  usbd_cdc.o
    0x08005304   0x08005304   0x0000000c   Code   RO         4353    i.USBD_CDC_SetRxBuffer  usbd_cdc.o
    0x08005310   0x08005310   0x00000010   Code   RO         4354    i.USBD_CDC_SetTxBuffer  usbd_cdc.o
    0x08005320   0x08005320   0x000000ac   Code   RO         4355    i.USBD_CDC_Setup    usbd_cdc.o
    0x080053cc   0x080053cc   0x0000000e   Code   RO         4079    i.USBD_ClrClassConfig  usbd_core.o
    0x080053da   0x080053da   0x00000010   Code   RO         4282    i.USBD_CtlContinueRx  usbd_ioreq.o
    0x080053ea   0x080053ea   0x00000010   Code   RO         4283    i.USBD_CtlContinueSendData  usbd_ioreq.o
    0x080053fa   0x080053fa   0x00000016   Code   RO         4217    i.USBD_CtlError     usbd_ctlreq.o
    0x08005410   0x08005410   0x0000001e   Code   RO         4284    i.USBD_CtlPrepareRx  usbd_ioreq.o
    0x0800542e   0x0800542e   0x00000016   Code   RO         4285    i.USBD_CtlReceiveStatus  usbd_ioreq.o
    0x08005444   0x08005444   0x0000001a   Code   RO         4286    i.USBD_CtlSendData  usbd_ioreq.o
    0x0800545e   0x0800545e   0x00000016   Code   RO         4287    i.USBD_CtlSendStatus  usbd_ioreq.o
    0x08005474   0x08005474   0x00000020   Code   RO         3737    i.USBD_FS_ConfigStrDescriptor  usbd_desc.o
    0x08005494   0x08005494   0x0000000c   Code   RO         3738    i.USBD_FS_DeviceDescriptor  usbd_desc.o
    0x080054a0   0x080054a0   0x00000024   Code   RO         3739    i.USBD_FS_InterfaceStrDescriptor  usbd_desc.o
    0x080054c4   0x080054c4   0x0000000c   Code   RO         3740    i.USBD_FS_LangIDStrDescriptor  usbd_desc.o
    0x080054d0   0x080054d0   0x00000028   Code   RO         3741    i.USBD_FS_ManufacturerStrDescriptor  usbd_desc.o
    0x080054f8   0x080054f8   0x0000002c   Code   RO         3742    i.USBD_FS_ProductStrDescriptor  usbd_desc.o
    0x08005524   0x08005524   0x00000038   Code   RO         3743    i.USBD_FS_SerialStrDescriptor  usbd_desc.o
    0x0800555c   0x0800555c   0x000000e8   Code   RO         4218    i.USBD_GetDescriptor  usbd_ctlreq.o
    0x08005644   0x08005644   0x00000048   Code   RO         4219    i.USBD_GetString    usbd_ctlreq.o
    0x0800568c   0x0800568c   0x00000018   Code   RO         3881    i.USBD_Get_USB_Status  usbd_conf.o
    0x080056a4   0x080056a4   0x0000002a   Code   RO         4081    i.USBD_Init         usbd_core.o
    0x080056ce   0x080056ce   0x00000012   Code   RO         3882    i.USBD_LL_ClearStallEP  usbd_conf.o
    0x080056e0   0x080056e0   0x00000012   Code   RO         3883    i.USBD_LL_CloseEP   usbd_conf.o
    0x080056f2   0x080056f2   0x000000c6   Code   RO         4082    i.USBD_LL_DataInStage  usbd_core.o
    0x080057b8   0x080057b8   0x00000082   Code   RO         4083    i.USBD_LL_DataOutStage  usbd_core.o
    0x0800583a   0x0800583a   0x00000008   Code   RO         3887    i.USBD_LL_GetRxDataSize  usbd_conf.o
    0x08005842   0x08005842   0x00000002   PAD
    0x08005844   0x08005844   0x00000080   Code   RO         3888    i.USBD_LL_Init      usbd_conf.o
    0x080058c4   0x080058c4   0x00000020   Code   RO         3889    i.USBD_LL_IsStallEP  usbd_conf.o
    0x080058e4   0x080058e4   0x00000018   Code   RO         3890    i.USBD_LL_OpenEP    usbd_conf.o
    0x080058fc   0x080058fc   0x00000012   Code   RO         3891    i.USBD_LL_PrepareReceive  usbd_conf.o
    0x0800590e   0x0800590e   0x00000050   Code   RO         4088    i.USBD_LL_Reset     usbd_core.o
    0x0800595e   0x0800595e   0x00000014   Code   RO         4089    i.USBD_LL_Resume    usbd_core.o
    0x08005972   0x08005972   0x00000018   Code   RO         4090    i.USBD_LL_SOF       usbd_core.o
    0x0800598a   0x0800598a   0x00000006   Code   RO         4091    i.USBD_LL_SetSpeed  usbd_core.o
    0x08005990   0x08005990   0x00000012   Code   RO         3892    i.USBD_LL_SetUSBAddress  usbd_conf.o
    0x080059a2   0x080059a2   0x0000005a   Code   RO         4092    i.USBD_LL_SetupStage  usbd_core.o
    0x080059fc   0x080059fc   0x00000012   Code   RO         3893    i.USBD_LL_StallEP   usbd_conf.o
    0x08005a0e   0x08005a0e   0x00000012   Code   RO         3894    i.USBD_LL_Start     usbd_conf.o
    0x08005a20   0x08005a20   0x00000012   Code   RO         4093    i.USBD_LL_Suspend   usbd_core.o
    0x08005a32   0x08005a32   0x00000012   Code   RO         3896    i.USBD_LL_Transmit  usbd_conf.o
    0x08005a44   0x08005a44   0x00000028   Code   RO         4220    i.USBD_ParseSetupRequest  usbd_ctlreq.o
    0x08005a6c   0x08005a6c   0x00000010   Code   RO         4094    i.USBD_RegisterClass  usbd_core.o
    0x08005a7c   0x08005a7c   0x00000016   Code   RO         4096    i.USBD_SetClassConfig  usbd_core.o
    0x08005a92   0x08005a92   0x00000002   PAD
    0x08005a94   0x08005a94   0x00000084   Code   RO         4221    i.USBD_SetConfig    usbd_ctlreq.o
    0x08005b18   0x08005b18   0x0000000a   Code   RO         4097    i.USBD_Start        usbd_core.o
    0x08005b22   0x08005b22   0x00000112   Code   RO         4222    i.USBD_StdDevReq    usbd_ctlreq.o
    0x08005c34   0x08005c34   0x00000150   Code   RO         4223    i.USBD_StdEPReq     usbd_ctlreq.o
    0x08005d84   0x08005d84   0x0000004e   Code   RO         4224    i.USBD_StdItfReq    usbd_ctlreq.o
    0x08005dd2   0x08005dd2   0x00000002   Code   RO         3897    i.USBD_static_free  usbd_conf.o
    0x08005dd4   0x08005dd4   0x00000008   Code   RO         3898    i.USBD_static_malloc  usbd_conf.o
    0x08005ddc   0x08005ddc   0x00000258   Code   RO         1521    i.USB_ActivateEndpoint  stm32f1xx_ll_usb.o
    0x08006034   0x08006034   0x00000004   Code   RO         1524    i.USB_CoreInit      stm32f1xx_ll_usb.o
    0x08006038   0x08006038   0x0000010e   Code   RO         1526    i.USB_DeactivateEndpoint  stm32f1xx_ll_usb.o
    0x08006146   0x08006146   0x00000004   Code   RO         1527    i.USB_DevConnect    stm32f1xx_ll_usb.o
    0x0800614a   0x0800614a   0x00000004   Code   RO         1528    i.USB_DevDisconnect  stm32f1xx_ll_usb.o
    0x0800614e   0x0800614e   0x00000012   Code   RO         1529    i.USB_DevInit       stm32f1xx_ll_usb.o
    0x08006160   0x08006160   0x0000000e   Code   RO         1530    i.USB_DisableGlobalInt  stm32f1xx_ll_usb.o
    0x0800616e   0x0800616e   0x00000004   Code   RO         1531    i.USB_EP0_OutStart  stm32f1xx_ll_usb.o
    0x08006172   0x08006172   0x00000078   Code   RO         1532    i.USB_EPClearStall  stm32f1xx_ll_usb.o
    0x080061ea   0x080061ea   0x00000032   Code   RO         1533    i.USB_EPSetStall    stm32f1xx_ll_usb.o
    0x0800621c   0x0800621c   0x0000060c   Code   RO         1534    i.USB_EPStartXfer   stm32f1xx_ll_usb.o
    0x08006828   0x08006828   0x00000012   Code   RO         1535    i.USB_EnableGlobalInt  stm32f1xx_ll_usb.o
    0x0800683a   0x0800683a   0x00000002   PAD
    0x0800683c   0x0800683c   0x0000000c   Code   RO         1104    i.USB_LP_CAN1_RX0_IRQHandler  stm32f1xx_it.o
    0x08006848   0x08006848   0x00000006   Code   RO         1542    i.USB_ReadInterrupts  stm32f1xx_ll_usb.o
    0x0800684e   0x0800684e   0x00000002   PAD
    0x08006850   0x08006850   0x0000002c   Code   RO         1543    i.USB_ReadPMA       stm32f1xx_ll_usb.o
    0x0800687c   0x0800687c   0x00000004   Code   RO         1544    i.USB_SetCurrentMode  stm32f1xx_ll_usb.o
    0x08006880   0x08006880   0x0000000c   Code   RO         1545    i.USB_SetDevAddress  stm32f1xx_ll_usb.o
    0x0800688c   0x0800688c   0x00000026   Code   RO         1547    i.USB_WritePMA      stm32f1xx_ll_usb.o
    0x080068b2   0x080068b2   0x00000002   Code   RO         1105    i.UsageFault_Handler  stm32f1xx_it.o
    0x080068b4   0x080068b4   0x00000028   Code   RO         4693    i.__0sprintf        mc_w.l(printfa.o)
    0x080068dc   0x080068dc   0x00000020   Code   RO         2189    i.__NVIC_SetPriority  stm32f1xx_hal_cortex.o
    0x080068fc   0x080068fc   0x0000000e   Code   RO         4783    i.__scatterload_copy  mc_w.l(handlers.o)
    0x0800690a   0x0800690a   0x00000002   Code   RO         4784    i.__scatterload_null  mc_w.l(handlers.o)
    0x0800690c   0x0800690c   0x0000000e   Code   RO         4785    i.__scatterload_zeroinit  mc_w.l(handlers.o)
    0x0800691a   0x0800691a   0x00000002   PAD
    0x0800691c   0x0800691c   0x00000184   Code   RO         4698    i._fp_digits        mc_w.l(printfa.o)
    0x08006aa0   0x08006aa0   0x000006dc   Code   RO         4699    i._printf_core      mc_w.l(printfa.o)
    0x0800717c   0x0800717c   0x00000024   Code   RO         4700    i._printf_post_padding  mc_w.l(printfa.o)
    0x080071a0   0x080071a0   0x0000002e   Code   RO         4701    i._printf_pre_padding  mc_w.l(printfa.o)
    0x080071ce   0x080071ce   0x0000000a   Code   RO         4703    i._sputc            mc_w.l(printfa.o)
    0x080071d8   0x080071d8   0x00000078   Code   RO          862    i.main              main.o
    0x08007250   0x08007250   0x00000010   Data   RO         3669    .constdata          system_stm32f1xx.o
    0x08007260   0x08007260   0x00000008   Data   RO         3670    .constdata          system_stm32f1xx.o
    0x08007268   0x08007268   0x000000d0   Data   RO          147    .conststring        drv_power_gpio.o
    0x08007338   0x08007338   0x000001e8   Data   RO          382    .conststring        drv_power_vol.o
    0x08007520   0x08007520   0x00000020   Data   RO         4781    Region$$Table       anon$$obj.o


    Execution Region RW_IRAM1 (Exec base: 0x20000000, Load base: 0x08007540, Size: 0x0000bd50, Max: 0x0000c000, ABSOLUTE, COMPRESSED[0x00000230])

    Exec Addr    Load Addr    Size         Type   Attr      Idx    E Section Name        Object

    0x20000000   COMPRESSED   0x00000008   Data   RW           14    .data               drv_led.o
    0x20000008   COMPRESSED   0x00000080   Data   RW          148    .data               drv_power_gpio.o
    0x20000088   COMPRESSED   0x00000028   Data   RW          290    .data               drv_595.o
    0x200000b0   COMPRESSED   0x00000008   Data   RW          331    .data               drv_access_con.o
    0x200000b8   COMPRESSED   0x000000fc   Data   RW          383    .data               drv_power_vol.o
    0x200001b4   COMPRESSED   0x00000008   Data   RW          439    .data               drv_adg714.o
    0x200001bc   COMPRESSED   0x00000008   Data   RW          485    .data               drv_ad9837.o
    0x200001c4   COMPRESSED   0x00000060   Data   RW          579    .data               drv_power_dds.o
    0x20000224   COMPRESSED   0x00000004   Data   RW          616    .data               comm_prot.o
    0x20000228   COMPRESSED   0x0000000c   Data   RW         1726    .data               stm32f1xx_hal.o
    0x20000234   COMPRESSED   0x00000004   Data   RW         3671    .data               system_stm32f1xx.o
    0x20000238   COMPRESSED   0x0000001c   Data   RW         3745    .data               usbd_desc.o
    0x20000254   COMPRESSED   0x00000032   Data   RW         3746    .data               usbd_desc.o
    0x20000286   COMPRESSED   0x00000002   PAD
    0x20000288   COMPRESSED   0x00000010   Data   RW         3821    .data               usbd_cdc_if.o
    0x20000298   COMPRESSED   0x00000001   Data   RW         4225    .data               usbd_ctlreq.o
    0x20000299   COMPRESSED   0x00000003   PAD
    0x2000029c   COMPRESSED   0x000000d7   Data   RW         4357    .data               usbd_cdc.o
    0x20000373   COMPRESSED   0x00000001   PAD
    0x20000374   COMPRESSED   0x00000038   Data   RW         4358    .data               usbd_cdc.o
    0x200003ac        -       0x000000a0   Zero   RW          381    .bss                drv_power_vol.o
    0x2000044c        -       0x00000258   Zero   RW          537    .bss                drv_power_wave.o
    0x200006a4        -       0x00000340   Zero   RW          696    .bss                drv_cmd.o
    0x200009e4        -       0x000000d4   Zero   RW          931    .bss                adc.o
    0x20000ab8        -       0x000000b0   Zero   RW         1008    .bss                spi.o
    0x20000b68        -       0x00000044   Zero   RW         1055    .bss                usart.o
    0x20000bac        -       0x000002c4   Zero   RW         3706    .bss                usb_device.o
    0x20000e70        -       0x00000200   Zero   RW         3744    .bss                usbd_desc.o
    0x20001070        -       0x000007d0   Zero   RW         3820    .bss                usbd_cdc_if.o
    0x20001840        -       0x0000050c   Zero   RW         3899    .bss                usbd_conf.o
    0x20001d4c   COMPRESSED   0x00000004   PAD
    0x20001d50        -       0x0000a000   Zero   RW            1    STACK               startup_stm32f103xe.o


==============================================================================

Image component sizes


      Code (inc. data)   RO Data    RW Data    ZI Data      Debug   Object Name

       512         58          0          0        212       2881   adc.o
      1652        262          0          4          0      11315   comm_prot.o
        44          4          0          0          0        698   dma.o
       348         48          0         40          0       3137   drv_595.o
       248         24          0          8          0       3575   drv_access_con.o
       262         32          0          8          0       2850   drv_ad9837.o
       148         26          0          8          0       2021   drv_adg714.o
       940        146          0          0        832      14868   drv_cmd.o
        64          4          0          8          0     497912   drv_led.o
        40          4          0          0          0        506   drv_log.o
       136         36          0         96          0       2146   drv_power_dds.o
       136         12        208        128          0     397511   drv_power_gpio.o
       732        148        488        252        160       5044   drv_power_vol.o
       412         50          0          0        600       3802   drv_power_wave.o
       300         16          0          0          0        967   gpio.o
       224         22          0          0          0       2040   main.o
       218          0          0          0          0       4291   ring_buffer.o
       336         42          0          0        176       2154   spi.o
        36          8        304          0      40960        772   startup_stm32f103xe.o
       164         28          0         12          0       6273   stm32f1xx_hal.o
      1742         80          0          0          0      11859   stm32f1xx_hal_adc.o
       216          6          0          0          0       1370   stm32f1xx_hal_adc_ex.o
       198         14          0          0          0      28755   stm32f1xx_hal_cortex.o
      1236         52          0          0          0       4910   stm32f1xx_hal_dma.o
       540         42          0          0          0       3988   stm32f1xx_hal_gpio.o
        60          8          0          0          0        810   stm32f1xx_hal_msp.o
      2980          0          0          0          0      13433   stm32f1xx_hal_pcd.o
        60          0          0          0          0       1114   stm32f1xx_hal_pcd_ex.o
      1272        100          0          0          0       5012   stm32f1xx_hal_rcc.o
       448         44          0          0          0       2477   stm32f1xx_hal_rcc_ex.o
       752          4          0          0          0       4246   stm32f1xx_hal_spi.o
      1432         10          0          0          0      10100   stm32f1xx_hal_uart.o
        56         18          0          0          0       4848   stm32f1xx_it.o
      2758          0          0          0          0      16031   stm32f1xx_ll_usb.o
         2          0         24          4          0       1023   system_stm32f1xx.o
       184         20          0          0         68       1566   usart.o
        84         18          0          0        708        732   usb_device.o
       672         16          0        271          0      11792   usbd_cdc.o
        68         16          0         16       2000       2430   usbd_cdc_if.o
       556         30          0          0       1292      13445   usbd_conf.o
       670          0          0          0          0       9039   usbd_core.o
      1186         28          0          1          0       7652   usbd_ctlreq.o
       288        104          0         78        512       5621   usbd_desc.o
       132          0          0          0          0       4112   usbd_ioreq.o

    ----------------------------------------------------------------------
     24584       1580       1056        940      47524    1131128   Object Totals
         0          0         32          0          0          0   (incl. Generated)
        40          0          0          6          4          0   (incl. Padding)

    ----------------------------------------------------------------------

      Code (inc. data)   RO Data    RW Data    ZI Data      Debug   Library Member Name

        86          0          0          0          0          0   __dczerorl2.o
         0          0          0          0          0          0   entry.o
         0          0          0          0          0          0   entry10a.o
         0          0          0          0          0          0   entry11a.o
         8          4          0          0          0          0   entry2.o
         4          0          0          0          0          0   entry5.o
         0          0          0          0          0          0   entry7b.o
         0          0          0          0          0          0   entry8b.o
         8          4          0          0          0          0   entry9a.o
        30          0          0          0          0          0   handlers.o
        36          8          0          0          0         68   init.o
         0          0          0          0          0          0   iusefp.o
        30          0          0          0          0         68   llshl.o
        36          0          0          0          0         68   llsshr.o
        32          0          0          0          0         68   llushr.o
        36          0          0          0          0         68   memcpya.o
        36          0          0          0          0        108   memseta.o
      2276         86          0          0          0        520   printfa.o
        14          0          0          0          0         68   strlen.o
        44          0          0          0          0         80   uidiv.o
        98          0          0          0          0         92   uldiv.o
        48          0          0          0          0         68   cdrcmple.o
       334          0          0          0          0        148   dadd.o
       222          0          0          0          0        100   ddiv.o
       186          0          0          0          0        176   depilogue.o
        62          0          0          0          0         80   dfixi.o
        50          0          0          0          0         76   dfixui.o
        48          0          0          0          0         68   dfixul.o
        26          0          0          0          0         76   dfltui.o
       228          0          0          0          0         96   dmul.o
        46          0          0          0          0         80   dscalb.o
        38          0          0          0          0         68   f2d.o
       110          0          0          0          0        168   fepilogue.o
        50          0          0          0          0         68   ffixi.o
        40          0          0          0          0         68   ffixui.o
        10          0          0          0          0         68   ffltui.o
       100          0          0          0          0         76   fmul.o

    ----------------------------------------------------------------------
      4376        102          0          0          0       2692   Library Totals
         4          0          0          0          0          0   (incl. Padding)

    ----------------------------------------------------------------------

      Code (inc. data)   RO Data    RW Data    ZI Data      Debug   Library Name

      2774        102          0          0          0       1208   mc_w.l
      1598          0          0          0          0       1484   mf_w.l

    ----------------------------------------------------------------------
      4376        102          0          0          0       2692   Library Totals

    ----------------------------------------------------------------------

==============================================================================


      Code (inc. data)   RO Data    RW Data    ZI Data      Debug   

     28960       1682       1056        940      47524    1119908   Grand Totals
     28960       1682       1056        560      47524    1119908   ELF Image Totals (compressed)
     28960       1682       1056        560          0          0   ROM Totals

==============================================================================

    Total RO  Size (Code + RO Data)                30016 (  29.31kB)
    Total RW  Size (RW Data + ZI Data)             48464 (  47.33kB)
    Total ROM Size (Code + RO Data + RW Data)      30576 (  29.86kB)

==============================================================================

